HTTP/1.1 404 Not Found
Host: 127.0.0.1:8000
Date: Mon, 06 Apr 2026 21:07:38 GMT
Connection: close
X-Powered-By: PHP/8.0.30
Content-Type: text/html; charset=UTF-8
X-Debug-Exception: App%5CEntity%5CPost%20object%20not%20found%20by%20the%20%40ParamConverter%20annotation.
X-Debug-Exception-File: C%3A%5CUsers%5Cuser%5COneDrive%20-%20ESPRIT%5CBureau%5Cpidev1%5Cvendor%5Csensio%5Cframework-extra-bundle%5Csrc%5CRequest%5CParamConverter%5CDoctrineParamConverter.php:107
Cache-Control: no-cache, private
Date: Mon, 06 Apr 2026 21:07:38 GMT
X-Robots-Tag: noindex

<!-- App\Entity\Post object not found by the @ParamConverter annotation. (404 Not Found) -->
<!DOCTYPE html>
<html lang="en">
    <head>
        <meta charset="UTF-8" />
        <meta name="robots" content="noindex,nofollow" />
        <meta name="viewport" content="width=device-width,initial-scale=1" />
        <title>App\Entity\Post object not found by the @ParamConverter annotation. (404 Not Found)</title>
        <link rel="icon" type="image/png" href="data:image/png;base64,iVBORw0KGgoAAAANSUhEUgAAABwAAAAgCAYAAAABtRhCAAADVUlEQVRIx82XX0jTURTHLYPyqZdefQx66CEo80+aYpoIkqzUikz6Z5klQoWUWYRIJYEUGpQ+lIr9U5dOTLdCtkmWZis3rbnC5fw/neYW002307mX/cZvP3/7o1PwwOdh95x7vnf39zvnd29AgBer2xO6DclAXiMqZAqxIiNIN/IYSUS2BPhjmGATchUxI+ADWiRhpWK7HKuHFVBFdmU5YvnI4grFGCaReF/EBH4KsZlGgj2JBTuCYBWRIYF8YoEOJ6wBt/gEs7mBbyOjQXruPLSdOgPCiEiPSUUHDoL8Ug5IUo9B/d5wrt+G7OAKNrODPuVdB6vRCIzN6SdBlpW9RIgk/1FeAXabzRlrUPVCS/JhbmwudztnGeeH9AyXBIwtmM3wLinZJZHifjHw2V+NBoRh+9ixQrbgbnaSIcl7cGea6hoXQbNe7za241oeO5Z0p42M4BV2EqP2D50wo+6HzvwC6C4sApNOR8cmOrtcnhtj2kYRyC9eBvXzKrBZrXSs72kFd1t3MoKVbMekQkEnSNKOO8fac3LpmK6l1TlGtsxmsdKFsecPYgwxst0cwROMYDXboSotg0WLBRqjY51jLYcENElXwW2XJKPydvoI2GN9T8rBtrAArYIUruBJXkFheCQYlCpQP6uk5dAQFQNaUROMSGVQFxLmkoQsxDJrhLbTZ+nvVsERME9MgPJRKV/58AsyomTSzE813WLFvWK++qI0xSfQl8k8Pg46sYRuv5t6dS+4RqxDwaa4BGjYH+NTQvKScIp9+YL/hoZh3jDtLRHtt2C3g6bmhX+CpsFBWg7ilDSPgj0lD2ncr5ev/BP8VvyAJhqVyZeUhPOrEhEFxgEtjft846Z/guQTNT89Q5P9flMLoth4F7808wKtWWKzAwNQHxrh/1vaid2F+XpYTSbQf1XA2McOmOpROnvpvMEA4tSjq1cW0sws2gCYxswY6TKkvzYnJq1NHZLnRU4BX+4U0uburvusu8Kv8iHY7qefkM4IFngJHEOUXmLEPgiGsI8YnlZILit3vSSLRTQe/MPIZva5pshNIEmyFQlCvruJKXPkCEfmePzkphXHdzZNQdoRI9KPlBAxlj/I8U97ERPS5bjGbWDFbEdqHVe5caTBeZZx2H/IMvzeN15yoQAAAABJRU5ErkJggg==">
        <style>/* This file is based on WebProfilerBundle/Resources/views/Profiler/profiler.css.twig.
   If you make any change in this file, verify the same change is needed in the other file. */
:root {
    --font-sans-serif: Helvetica, Arial, sans-serif;
    --page-background: #f9f9f9;
    --color-text: #222;
    /* when updating any of these colors, do the same in toolbar.css.twig */
    --color-success: #4f805d;
    --color-warning: #a46a1f;
    --color-error: #b0413e;
    --color-muted: #999;
    --tab-background: #fff;
    --tab-color: #444;
    --tab-active-background: #666;
    --tab-active-color: #fafafa;
    --tab-disabled-background: #f5f5f5;
    --tab-disabled-color: #999;
    --metric-value-background: #fff;
    --metric-value-color: inherit;
    --metric-unit-color: #999;
    --metric-label-background: #e0e0e0;
    --metric-label-color: inherit;
    --table-border: #e0e0e0;
    --table-background: #fff;
    --table-header: #e0e0e0;
    --trace-selected-background: #F7E5A1;
    --tree-active-background: #F7E5A1;
    --exception-title-color: var(--base-2);
    --shadow: 0px 0px 1px rgba(128, 128, 128, .2);
    --border: 1px solid #e0e0e0;
    --background-error: var(--color-error);
    --highlight-comment: #969896;
    --highlight-default: #222222;
    --highlight-keyword: #a71d5d;
    --highlight-string: #183691;
    --base-0: #fff;
    --base-1: #f5f5f5;
    --base-2: #e0e0e0;
    --base-3: #ccc;
    --base-4: #666;
    --base-5: #444;
    --base-6: #222;
}

.theme-dark {
    --page-background: #36393e;
    --color-text: #e0e0e0;
    --color-muted: #777;
    --color-error: #d43934;
    --tab-background: #555;
    --tab-color: #ccc;
    --tab-active-background: #888;
    --tab-active-color: #fafafa;
    --tab-disabled-background: var(--page-background);
    --tab-disabled-color: #777;
    --metric-value-background: #555;
    --metric-value-color: inherit;
    --metric-unit-color: #999;
    --metric-label-background: #777;
    --metric-label-color: #e0e0e0;
    --trace-selected-background: #71663acc;
    --table-border: #444;
    --table-background: #333;
    --table-header: #555;
    --info-background: rgba(79, 148, 195, 0.5);
    --tree-active-background: var(--metric-label-background);
    --exception-title-color: var(--base-2);
    --shadow: 0px 0px 1px rgba(32, 32, 32, .2);
    --border: 1px solid #666;
    --background-error: #b0413e;
    --highlight-comment: #dedede;
    --highlight-default: var(--base-6);
    --highlight-keyword: #ff413c;
    --highlight-string: #70a6fd;
    --base-0: #2e3136;
    --base-1: #444;
    --base-2: #666;
    --base-3: #666;
    --base-4: #666;
    --base-5: #e0e0e0;
    --base-6: #f5f5f5;
    --card-label-background: var(--tab-active-background);
    --card-label-color: var(--tab-active-color);
}

html{font-family:sans-serif;-webkit-text-size-adjust:100%;-ms-text-size-adjust:100%}body{margin:0}article,aside,details,figcaption,figure,footer,header,hgroup,main,menu,nav,section,summary{display:block}audio,canvas,progress,video{display:inline-block;vertical-align:baseline}audio:not([controls]){display:none;height:0}[hidden],template{display:none}a{background-color:transparent}a:active,a:hover{outline:0}abbr[title]{border-bottom:1px dotted}b,strong{font-weight:700}dfn{font-style:italic}h1{margin:.67em 0;font-size:2em}mark{color:#000;background:#ff0}small{font-size:80%}sub,sup{position:relative;font-size:75%;line-height:0;vertical-align:baseline}sup{top:-.5em}sub{bottom:-.25em}img{border:0}svg:not(:root){overflow:hidden}figure{margin:1em 40px}hr{height:0;-webkit-box-sizing:content-box;-moz-box-sizing:content-box;box-sizing:content-box}pre{overflow:auto}code,kbd,pre,samp{font-family:monospace,monospace;font-size:1em}button,input,optgroup,select,textarea{margin:0;font:inherit;color:inherit}button{overflow:visible}button,select{text-transform:none}button,html input[type="button"],input[type="reset"],input[type="submit"]{-webkit-appearance:button;cursor:pointer}button[disabled],html input[disabled]{cursor:default}button::-moz-focus-inner,input::-moz-focus-inner{padding:0;border:0}input{line-height:normal}input[type="checkbox"],input[type="radio"]{-webkit-box-sizing:border-box;-moz-box-sizing:border-box;box-sizing:border-box;padding:0}input[type="number"]::-webkit-inner-spin-button,input[type="number"]::-webkit-outer-spin-button{height:auto}input[type="search"]{-webkit-box-sizing:content-box;-moz-box-sizing:content-box;box-sizing:content-box;-webkit-appearance:textfield}input[type="search"]::-webkit-search-cancel-button,input[type="search"]::-webkit-search-decoration{-webkit-appearance:none}fieldset{padding:.35em .625em .75em;margin:0 2px;border:1px solid silver}legend{padding:0;border:0}textarea{overflow:auto}optgroup{font-weight:700}table{border-spacing:0;border-collapse:collapse}td,th{padding:0}

html {
    /* always display the vertical scrollbar to avoid jumps when toggling contents */
    overflow-y: scroll;
}
body { background-color: var(--page-background); color: var(--base-6); font: 14px/1.4 Helvetica, Arial, sans-serif; padding-bottom: 45px; }

a { cursor: pointer; text-decoration: none; }
a:hover { text-decoration: underline; }
abbr[title] { border-bottom: none; cursor: help; text-decoration: none; }

code, pre { font: 13px/1.5 Consolas, Monaco, Menlo, "Ubuntu Mono", "Liberation Mono", monospace; }

table, tr, th, td { background: var(--base-0); border-collapse: collapse; vertical-align: top; }
table { background: var(--base-0); border: var(--border); box-shadow: 0px 0px 1px rgba(128, 128, 128, .2); margin: 1em 0; width: 100%; }
table th, table td { border: solid var(--base-2); border-width: 1px 0; padding: 8px 10px; }
table th { background-color: var(--base-2); font-weight: bold; text-align: left; }

.m-t-5 { margin-top: 5px; }
.hidden-xs-down { display: none; }
.block { display: block; }
.full-width { width: 100%; }
.hidden { display: none; }
.prewrap { white-space: pre-wrap; }
.nowrap { white-space: nowrap; }
.newline { display: block; }
.break-long-words { word-wrap: break-word; overflow-wrap: break-word; -webkit-hyphens: auto; -moz-hyphens: auto; hyphens: auto; min-width: 0; }
.text-small { font-size: 12px !important; }
.text-muted { color: #999; }
.text-bold { font-weight: bold; }
.empty { border: 4px dashed var(--base-2); color: #999; margin: 1em 0; padding: .5em 2em; }

.status-success { background: rgba(94, 151, 110, 0.3); }
.status-warning { background: rgba(240, 181, 24, 0.3); }
.status-error { background: rgba(176, 65, 62, 0.2); }
.status-success td, .status-warning td, .status-error td { background: transparent; }
tr.status-error td, tr.status-warning td { border-bottom: 1px solid var(--base-2); border-top: 1px solid var(--base-2); }
.status-warning .colored { color: #A46A1F; }
.status-error .colored  { color: var(--color-error); }

.sf-toggle { cursor: pointer; position: relative; }
.sf-toggle-content { -moz-transition: display .25s ease; -webkit-transition: display .25s ease; transition: display .25s ease; }
.sf-toggle-content.sf-toggle-hidden { display: none; }
.sf-toggle-content.sf-toggle-visible { display: block; }
thead.sf-toggle-content.sf-toggle-visible, tbody.sf-toggle-content.sf-toggle-visible { display: table-row-group; }
.sf-toggle-off .icon-close, .sf-toggle-on .icon-open { display: none; }
.sf-toggle-off .icon-open, .sf-toggle-on .icon-close { display: block; }

.tab-navigation { margin: 0 0 1em 0; padding: 0; }
.tab-navigation li { background: var(--tab-background); border: 1px solid var(--table-border); color: var(--tab-color); cursor: pointer; display: inline-block; font-size: 16px; margin: 0 0 0 -1px; padding: .5em .75em; z-index: 1; }
.tab-navigation li .badge { background-color: var(--base-1); color: var(--base-4); display: inline-block; font-size: 14px; font-weight: bold; margin-left: 8px; min-width: 10px; padding: 1px 6px; text-align: center; white-space: nowrap; }
.tab-navigation li.disabled { background: var(--tab-disabled-background); color: var(--tab-disabled-color); }
.tab-navigation li.active { background: var(--tab-active-background); color: var(--tab-active-color); z-index: 1100; }
.tab-navigation li.active .badge { background-color: var(--base-5); color: var(--base-2); }
.tab-content > *:first-child { margin-top: 0; }
.tab-navigation li .badge.status-warning { background: var(--color-warning); color: #FFF; }
.tab-navigation li .badge.status-error { background: var(--background-error); color: #FFF; }
.sf-tabs .tab:not(:first-child) { display: none; }

[data-filters] { position: relative; }
[data-filtered] { cursor: pointer; }
[data-filtered]:after { content: '\00a0\25BE'; }
[data-filtered]:hover .filter-list li { display: inline-flex; }
[class*="filter-hidden-"] { display: none; }
.filter-list { position: absolute; border: var(--border); box-shadow: var(--shadow); margin: 0; padding: 0; display: flex; flex-direction: column; }
.filter-list :after { content: ''; }
.filter-list li {
    background: var(--tab-disabled-background);
    border-bottom: var(--border);
    color: var(--tab-disabled-color);
    display: none;
    list-style: none;
    margin: 0;
    padding: 5px 10px;
    text-align: left;
    font-weight: normal;
}
.filter-list li.active {
    background: var(--tab-background);
    color: var(--tab-color);
}
.filter-list li.last-active {
    background: var(--tab-active-background);
    color: var(--tab-active-color);
}

.filter-list-level li { cursor: s-resize; }
.filter-list-level li.active { cursor: n-resize; }
.filter-list-level li.last-active { cursor: default; }
.filter-list-level li.last-active:before { content: '\2714\00a0'; }
.filter-list-choice li:before { content: '\2714\00a0'; color: transparent; }
.filter-list-choice li.active:before { color: unset; }

.container { max-width: 1024px; margin: 0 auto; padding: 0 15px; }
.container::after { content: ""; display: table; clear: both; }

header { background-color: #222; color: rgba(255, 255, 255, 0.75); font-size: 13px; height: 33px; line-height: 33px; padding: 0; }
header .container { display: flex; justify-content: space-between; }
.logo { flex: 1; font-size: 13px; font-weight: normal; margin: 0; padding: 0; }
.logo svg { height: 18px; width: 18px; opacity: .8; vertical-align: -5px; }

.help-link { margin-left: 15px; }
.help-link a { color: inherit; }
.help-link .icon svg { height: 15px; width: 15px; opacity: .7; vertical-align: -2px; }
.help-link a:hover { color: #EEE; text-decoration: none; }
.help-link a:hover svg { opacity: .9; }

.exception-summary { background: var(--background-error); border-bottom: 2px solid rgba(0, 0, 0, 0.1); border-top: 1px solid rgba(0, 0, 0, .3); flex: 0 0 auto; margin-bottom: 15px; }
.exception-metadata { background: rgba(0, 0, 0, 0.1); padding: 7px 0; }
.exception-metadata .container { display: flex; flex-direction: row; justify-content: space-between; }
.exception-metadata h2, .exception-metadata h2 > a { color: rgba(255, 255, 255, 0.8); font-size: 13px; font-weight: 400; margin: 0; }
.exception-http small { font-size: 13px; opacity: .7; }
.exception-hierarchy { flex: 1; }
.exception-hierarchy .icon { margin: 0 3px; opacity: .7; }
.exception-hierarchy .icon svg { height: 13px; width: 13px; vertical-align: -2px; }

.exception-without-message .exception-message-wrapper { display: none; }
.exception-message-wrapper .container { display: flex; align-items: flex-start; min-height: 70px; padding: 10px 15px 8px; }
.exception-message { flex-grow: 1; }
.exception-message, .exception-message a { color: #FFF; font-size: 21px; font-weight: 400; margin: 0; }
.exception-message.long { font-size: 18px; }
.exception-message a { border-bottom: 1px solid rgba(255, 255, 255, 0.5); font-size: inherit; text-decoration: none; }
.exception-message a:hover { border-bottom-color: #ffffff; }

.exception-illustration { flex-basis: 111px; flex-shrink: 0; height: 66px; margin-left: 15px; opacity: .7; }

.trace + .trace { margin-top: 30px; }
.trace-head { background-color: var(--base-2); padding: 10px; position: relative; }
.trace-head .trace-class { color: var(--base-6); font-size: 18px; font-weight: bold; line-height: 1.3; margin: 0; position: relative; }
.trace-head .trace-namespace { color: #999; display: block; font-size: 13px; }
.trace-head .icon { position: absolute; right: 0; top: 0; }
.trace-head .icon svg { fill: var(--base-5); height: 24px; width: 24px; }

.trace-details { background: var(--base-0); border: var(--border); box-shadow: 0px 0px 1px rgba(128, 128, 128, .2); margin: 1em 0; table-layout: fixed; }

.trace-message { font-size: 14px; font-weight: normal; margin: .5em 0 0; }

.trace-line { position: relative; padding-top: 8px; padding-bottom: 8px; }
.trace-line + .trace-line { border-top: var(--border); }
.trace-line:hover { background: var(--base-1); }
.trace-line a { color: var(--base-6); }
.trace-line .icon { opacity: .4; position: absolute; left: 10px; }
.trace-line .icon svg { fill: var(--base-5); height: 16px; width: 16px; }
.trace-line .icon.icon-copy { left: auto; top: auto; padding-left: 5px; display: none }
.trace-line:hover .icon.icon-copy:not(.hidden) { display: inline-block }
.trace-line-header { padding-left: 36px; padding-right: 10px; }

.trace-file-path, .trace-file-path a { color: var(--base-6); font-size: 13px; }
.trace-class { color: var(--color-error); }
.trace-type { padding: 0 2px; }
.trace-method { color: var(--color-error); font-weight: bold; }
.trace-arguments { color: #777; font-weight: normal; padding-left: 2px; }

.trace-code { background: var(--base-0); font-size: 12px; margin: 10px 10px 2px 10px; padding: 10px; overflow-x: auto; white-space: nowrap; }
.trace-code ol { margin: 0; float: left; }
.trace-code li { color: #969896; margin: 0; padding-left: 10px; float: left; width: 100%; }
.trace-code li + li { margin-top: 5px; }
.trace-code li.selected { background: var(--trace-selected-background); margin-top: 2px; }
.trace-code li code { color: var(--base-6); white-space: pre; }

.trace-as-text .stacktrace { line-height: 1.8; margin: 0 0 15px; white-space: pre-wrap; }

@media (min-width: 575px) {
    .hidden-xs-down { display: initial; }
    .help-link { margin-left: 30px; }
}</style>
        <style>.sf-reset .traces {
    padding-bottom: 14px;
}
.sf-reset .traces li {
    font-size: 12px;
    color: #868686;
    padding: 5px 4px;
    list-style-type: decimal;
    margin-left: 20px;
}
.sf-reset #logs .traces li.error {
    font-style: normal;
    color: #AA3333;
    background: #f9ecec;
}
.sf-reset #logs .traces li.warning {
    font-style: normal;
    background: #ffcc00;
}
/* fix for Opera not liking empty <li> */
.sf-reset .traces li:after {
    content: "\00A0";
}
.sf-reset .trace {
    border: 1px solid #D3D3D3;
    padding: 10px;
    overflow: auto;
    margin: 10px 0 20px;
}
.sf-reset .block-exception {
    -moz-border-radius: 16px;
    -webkit-border-radius: 16px;
    border-radius: 16px;
    margin-bottom: 20px;
    background-color: #f6f6f6;
    border: 1px solid #dfdfdf;
    padding: 30px 28px;
    word-wrap: break-word;
    overflow: hidden;
}
.sf-reset .block-exception div {
    color: #313131;
    font-size: 10px;
}
.sf-reset .block-exception-detected .illustration-exception,
.sf-reset .block-exception-detected .text-exception {
    float: left;
}
.sf-reset .block-exception-detected .illustration-exception {
    width: 152px;
}
.sf-reset .block-exception-detected .text-exception {
    width: 670px;
    padding: 30px 44px 24px 46px;
    position: relative;
}
.sf-reset .text-exception .open-quote,
.sf-reset .text-exception .close-quote {
    font-family: Arial, Helvetica, sans-serif;
    position: absolute;
    color: #C9C9C9;
    font-size: 8em;
}
.sf-reset .open-quote {
    top: 0;
    left: 0;
}
.sf-reset .close-quote {
    bottom: -0.5em;
    right: 50px;
}
.sf-reset .block-exception p {
    font-family: Arial, Helvetica, sans-serif;
}
.sf-reset .block-exception p a,
.sf-reset .block-exception p a:hover {
    color: #565656;
}
.sf-reset .logs h2 {
    float: left;
    width: 654px;
}
.sf-reset .error-count, .sf-reset .support {
    float: right;
    width: 170px;
    text-align: right;
}
.sf-reset .error-count span {
    display: inline-block;
    background-color: #aacd4e;
    -moz-border-radius: 6px;
    -webkit-border-radius: 6px;
    border-radius: 6px;
    padding: 4px;
    color: white;
    margin-right: 2px;
    font-size: 11px;
    font-weight: bold;
}

.sf-reset .support a {
    display: inline-block;
    -moz-border-radius: 6px;
    -webkit-border-radius: 6px;
    border-radius: 6px;
    padding: 4px;
    color: #000000;
    margin-right: 2px;
    font-size: 11px;
    font-weight: bold;
}

.sf-reset .toggle {
    vertical-align: middle;
}
.sf-reset .linked ul,
.sf-reset .linked li {
    display: inline;
}
.sf-reset #output-content {
    color: #000;
    font-size: 12px;
}
.sf-reset #traces-text pre {
    white-space: pre;
    font-size: 12px;
    font-family: monospace;
}</style>
    </head>
    <body>
        <script>
            document.body.classList.add(
                localStorage.getItem('symfony/profiler/theme') || (matchMedia('(prefers-color-scheme: dark)').matches ? 'theme-dark' : 'theme-light')
            );
        </script>

                    <header>
                <div class="container">
                    <h1 class="logo"><svg xmlns="http://www.w3.org/2000/svg" width="24" height="24" viewBox="0 0 24 24"><path fill="#FFF" d="M12 .9C5.8.9.9 5.8.9 12a11 11 0 1 0 22.2 0A11 11 0 0 0 12 .9zm6.5 6c-.6 0-.9-.3-.9-.8 0-.2 0-.4.2-.6l.2-.4c0-.3-.5-.4-.6-.4-1.8.1-2.3 2.5-2.7 4.4l-.2 1c1 .2 1.8 0 2.2-.3.6-.4-.2-.7-.1-1.2.1-.3.5-.5.7-.6.5 0 .7.5.7.9 0 .7-1 1.8-3 1.8l-.6-.1-.6 2.4c-.4 1.6-.8 3.8-2.4 5.7-1.4 1.7-2.9 1.9-3.5 1.9-1.2 0-1.9-.6-2-1.5 0-.8.7-1.3 1.2-1.3.6 0 1.1.5 1.1 1s-.2.6-.4.6c-.1.1-.3.2-.3.4 0 .1.1.3.4.3.5 0 .8-.3 1.1-.5 1.2-.9 1.6-2.7 2.2-5.7l.1-.7.7-3.2c-.8-.6-1.3-1.4-2.4-1.7-.6-.1-1.1.1-1.5.5-.4.5-.2 1.1.2 1.5l.7.6c.7.8 1.2 1.6 1 2.5-.3 1.5-2 2.6-4 1.9-1.8-.6-2-1.8-1.8-2.5.2-.6.6-.7 1.1-.6.5.2.6.7.6 1.2l-.1.3c-.2.1-.3.3-.3.4-.1.4.4.6.7.7.7.3 1.6-.2 1.8-.8a1 1 0 0 0-.4-1.1l-.7-.8c-.4-.4-1.1-1.4-.7-2.6.1-.5.4-.9.7-1.3a4 4 0 0 1 2.8-.6c1.2.4 1.8 1.1 2.6 1.8.5-1.2 1-2.4 1.8-3.5.9-.9 1.9-1.6 3.1-1.7 1.3.2 2.2.7 2.2 1.6 0 .4-.2 1.1-.9 1.1z"/></svg> Symfony Exception</h1>

                    <div class="help-link">
                        <a href="https://symfony.com/doc/5.4.51/index.html">
                            <span class="icon"><svg width="1792" height="1792" viewBox="0 0 1792 1792" xmlns="http://www.w3.org/2000/svg"><path fill="#FFF" d="M1703 478q40 57 18 129l-275 906q-19 64-76.5 107.5T1247 1664H324q-77 0-148.5-53.5T76 1479q-24-67-2-127 0-4 3-27t4-37q1-8-3-21.5t-3-19.5q2-11 8-21t16.5-23.5T116 1179q23-38 45-91.5t30-91.5q3-10 .5-30t-.5-28q3-11 17-28t17-23q21-36 42-92t25-90q1-9-2.5-32t.5-28q4-13 22-30.5t22-22.5q19-26 42.5-84.5T404 411q1-8-3-25.5t-2-26.5q2-8 9-18t18-23 17-21q8-12 16.5-30.5t15-35 16-36 19.5-32 26.5-23.5 36-11.5T620 134l-1 3q38-9 51-9h761q74 0 114 56t18 130l-274 906q-36 119-71.5 153.5T1089 1408H220q-27 0-38 15-11 16-1 43 24 70 144 70h923q29 0 56-15.5t35-41.5l300-987q7-22 5-57 38 15 59 43zm-1064 2q-4 13 2 22.5t20 9.5h608q13 0 25.5-9.5T1311 480l21-64q4-13-2-22.5t-20-9.5H702q-13 0-25.5 9.5T660 416zm-83 256q-4 13 2 22.5t20 9.5h608q13 0 25.5-9.5T1228 736l21-64q4-13-2-22.5t-20-9.5H619q-13 0-25.5 9.5T577 672z"/></svg></span>
                            <span class="hidden-xs-down">Symfony</span> Docs
                        </a>
                    </div>
                </div>
            </header>
        
        <div class="exception-summary ">
    <div class="exception-metadata">
        <div class="container">
            <h2 class="exception-hierarchy">
                                <a href="#trace-box-1"><abbr title="Symfony\Component\HttpKernel\Exception\NotFoundHttpException">NotFoundHttpException</abbr></a>
            </h2>
            <h2 class="exception-http">
                HTTP 404 <small>Not Found</small>
            </h2>
        </div>
    </div>

    <div class="exception-message-wrapper">
        <div class="container">
            <h1 class="break-long-words exception-message">App\Entity\Post object not found by the @ParamConverter annotation.</h1>

            <div class="exception-illustration hidden-xs-down">
                <svg viewBox="0 0 136 81" xmlns="http://www.w3.org/2000/svg" fill-rule="evenodd" clip-rule="evenodd" stroke-linejoin="round" stroke-miterlimit="1.4"><path d="M92.4 20.4a23.2 23.2 0 0 1 9 1.9 23.7 23.7 0 0 1 5.2 3 24.3 24.3 0 0 1 3.4 3.4 24.8 24.8 0 0 1 5 9.4c.5 1.7.8 3.4 1 5.2v14.5h.4l.5.2a7.4 7.4 0 0 0 2.5.2l.2-.2.6-.8.8-1.3-.2-.1a5.5 5.5 0 0 1-.8-.3 5.6 5.6 0 0 1-2.3-1.8 5.7 5.7 0 0 1-.9-1.6 6.5 6.5 0 0 1-.2-2.8 7.3 7.3 0 0 1 .5-2l.3-.3.8-.9.3-.3c.2-.2.5-.3.8-.3H120.7c.2 0 .3-.1.4 0h.4l.2.1.3.2.2-.4.3-.4.1-.1 1.2-1 .3-.2.4-.1.4-.1h.3l1.5.1.4.1.8.5.1.2 1 1.1v.2H129.4l.4-.2 1.4-.5h1.1c.3 0 .7.2 1 .4.2 0 .3.2.5.3l.2.2.5.3.4.6.1.3.4 1.4.1.4v.6a7.8 7.8 0 0 1-.1.6 9.9 9.9 0 0 1-.8 2.4 7.8 7.8 0 0 1-3 3.3 6.4 6.4 0 0 1-1 .5 6.1 6.1 0 0 1-.6.2l-.7.1h-.1a23.4 23.4 0 0 1-.2 1.7 14.3 14.3 0 0 1-.6 2.1l-.8 2a9.2 9.2 0 0 1-.4.6l-.7 1a9.1 9.1 0 0 1-2.3 2.2c-.9.5-2 .6-3 .7l-1.4.1h-.5l-.4.1a15.8 15.8 0 0 1-2.8-.1v4.2a9.7 9.7 0 0 1-.7 3.5 9.6 9.6 0 0 1-1.7 2.8 9.3 9.3 0 0 1-3 2.3 9 9 0 0 1-5.4.7 9 9 0 0 1-3-1 9.4 9.4 0 0 1-2.7-2.5 10 10 0 0 1-1 1.2 9.3 9.3 0 0 1-2 1.3 9 9 0 0 1-2.4 1 9 9 0 0 1-6.5-1.1A9.4 9.4 0 0 1 85 77V77a10.9 10.9 0 0 1-.6.6 9.3 9.3 0 0 1-2.7 2 9 9 0 0 1-6 .8 9 9 0 0 1-2.4-1 9.3 9.3 0 0 1-2.3-1.7 9.6 9.6 0 0 1-1.8-2.8 9.7 9.7 0 0 1-.8-3.7v-4a18.5 18.5 0 0 1-2.9.2l-1.2-.1c-1.9-.3-3.7-1-5.1-2.2a8.2 8.2 0 0 1-1.1-1 10.2 10.2 0 0 1-.9-1.2 15.3 15.3 0 0 1-.7-1.3 20.8 20.8 0 0 1-1.9-6.2v-.2a6.5 6.5 0 0 1-1-.3 6.1 6.1 0 0 1-.6-.3 6.6 6.6 0 0 1-.9-.6 8.2 8.2 0 0 1-2.7-3.7 10 10 0 0 1-.3-1 10.3 10.3 0 0 1-.3-1.9V47v-.4l.1-.4.6-1.4.1-.2a2 2 0 0 1 .8-.8l.3-.2.3-.2a3.2 3.2 0 0 1 1.8-.5h.4l.3.2 1.4.6.2.2.4.3.3.4.7-.7.2-.2.4-.2.6-.2h2.1l.4.2.4.2.3.2.8 1 .2-.1h.1v-.1H63l1.1.1h.3l.8.5.3.4.7 1 .2.3.1.5a11 11 0 0 1 .2 1.5c0 .8 0 1.6-.3 2.3a6 6 0 0 1-.5 1.2 5.5 5.5 0 0 1-3.3 2.5 12.3 12.3 0 0 0 1.4 3h.1l.2.1 1 .2h1.5l.5-.2H67.8l.5-.2h.1V44v-.4a26.7 26.7 0 0 1 .3-2.3 24.7 24.7 0 0 1 5.7-12.5 24.2 24.2 0 0 1 3.5-3.3 23.7 23.7 0 0 1 4.9-3 23.2 23.2 0 0 1 5.6-1.7 23.7 23.7 0 0 1 4-.3zm-.3 2a21.2 21.2 0 0 0-8 1.7 21.6 21.6 0 0 0-4.8 2.7 22.2 22.2 0 0 0-3.2 3 22.7 22.7 0 0 0-5 9.2 23.4 23.4 0 0 0-.7 4.9v15.7l-.5.1a34.3 34.3 0 0 1-1.5.3h-.2l-.4.1h-.4l-.9.2a10 10 0 0 1-1.9 0c-.5 0-1-.2-1.5-.4a1.8 1.8 0 0 1-.3-.2 2 2 0 0 1-.3-.3 5.2 5.2 0 0 1-.1-.2 9 9 0 0 1-.6-.9 13.8 13.8 0 0 1-1-2 14.3 14.3 0 0 1-.6-2 14 14 0 0 1-.1-.8v-.2h.3a12.8 12.8 0 0 0 1.4-.2 4.4 4.4 0 0 0 .3 0 3.6 3.6 0 0 0 1.1-.7 3.4 3.4 0 0 0 1.2-1.7l.2-1.2a5.1 5.1 0 0 0 0-.8 7.2 7.2 0 0 0-.1-.8l-.7-1-1.2-.2-1 .7-.1 1.3a5 5 0 0 1 .1.4v.6a1 1 0 0 1 0 .3c-.1.3-.4.4-.7.5l-1.2.4v-.7A9.9 9.9 0 0 1 60 49l.3-.6v-.2l.1-.1v-1.6l-1-1.2h-1.5l-1 1.1v.4a5.3 5.3 0 0 0-.2.6 5.5 5.5 0 0 0 0 .5c0 .7 0 1.4.3 2 0 .4.2.8.4 1.2L57 51a9.5 9.5 0 0 1-1.1-.5h-.2a2 2 0 0 1-.4-.3c-.4-.4-.5-1-.6-1.6a5.6 5.6 0 0 1 0-.5v-.5-.5l-.6-1.5-1.4-.6-.9.3s-.2 0-.3.2a2 2 0 0 1-.1 0l-.6 1.4v.7a8.5 8.5 0 0 0 .5 2c.4 1.1 1 2.1 2 2.8a4.7 4.7 0 0 0 2.1.9h1a22.8 22.8 0 0 0 .1 1 18.1 18.1 0 0 0 .8 3.8 18.2 18.2 0 0 0 1.6 3.7l1 1.3c1 1 2.3 1.6 3.7 2a11.7 11.7 0 0 0 4.8 0h.4l.5-.2.5-.1.6-.2v6.6a8 8 0 0 0 .1 1.3 7.5 7.5 0 0 0 2.4 4.3 7.2 7.2 0 0 0 2.3 1.3 7 7 0 0 0 7-1.1 7.5 7.5 0 0 0 2-2.6A7.7 7.7 0 0 0 85 72V71a8.2 8.2 0 0 0 .2 1.3c0 .7.3 1.4.6 2a7.5 7.5 0 0 0 1.7 2.3 7.3 7.3 0 0 0 2.2 1.4 7.1 7.1 0 0 0 4.6.2 7.2 7.2 0 0 0 2.4-1.2 7.5 7.5 0 0 0 2.1-2.7 7.8 7.8 0 0 0 .7-2.4V71a9.3 9.3 0 0 0 .1.6 7.6 7.6 0 0 0 .6 2.5 7.5 7.5 0 0 0 2.4 3 7.1 7.1 0 0 0 7 .8 7.3 7.3 0 0 0 2.3-1.5 7.5 7.5 0 0 0 1.6-2.3 7.6 7.6 0 0 0 .5-2l.1-1.1v-6.7l.4.1a12.2 12.2 0 0 0 2 .5 11.1 11.1 0 0 0 2.5 0h.8l1.2-.1a9.5 9.5 0 0 0 1.4-.2l.9-.3a3.5 3.5 0 0 0 .6-.4l1.2-1.4a12.2 12.2 0 0 0 .8-1.2c0-.3.2-.5.3-.7a15.9 15.9 0 0 0 .7-2l.3-1.6v-1.3l.2-.9V54.6a15.5 15.5 0 0 0 1.8 0 4.5 4.5 0 0 0 1.4-.5 5.7 5.7 0 0 0 2.5-3.2 7.6 7.6 0 0 0 .4-1.5v-.3l-.4-1.4a5.2 5.2 0 0 1-.2-.1l-.4-.4a3.8 3.8 0 0 0-.2 0 1.4 1.4 0 0 0-.5-.2l-1.4.4-.7 1.3v.7a5.7 5.7 0 0 1-.1.8l-.7 1.4a1.9 1.9 0 0 1-.5.3h-.3a9.6 9.6 0 0 1-.8.3 8.8 8.8 0 0 1-.6 0l.2-.4.2-.5.2-.3v-.4l.1-.2V50l.1-1 .1-.6v-.6a4.8 4.8 0 0 0 0-.8v-.2l-1-1.1-1.5-.2-1.1 1-.2 1.4v.1l.2.4.2.3v.4l.1 1.1v.3l.1.5v.8a9.6 9.6 0 0 1-.8-.3l-.2-.1h-.3l-.8-.1h-.2a1.6 1.6 0 0 1-.2-.2.9.9 0 0 1-.2-.2 1 1 0 0 1-.1-.5l.2-.9v-1.2l-.9-.8h-1.2l-.8.9v.3a4.8 4.8 0 0 0-.3 2l.3.9a3.5 3.5 0 0 0 1.2 1.6l1 .5.8.2 1.4.1h.4l.2.1a12.1 12.1 0 0 1-1 2.6 13.2 13.2 0 0 1-.8 1.5 9.5 9.5 0 0 1-1 1.2l-.2.3a1.7 1.7 0 0 1-.4.3 2.4 2.4 0 0 1-.7.2h-2.5a7.8 7.8 0 0 1-.6-.2l-.7-.2h-.2a14.8 14.8 0 0 1-.6-.2 23.4 23.4 0 0 1-.4-.1l-.4-.1-.3-.1V43.9a34.6 34.6 0 0 0 0-.6 23.6 23.6 0 0 0-.4-3 22.7 22.7 0 0 0-1.5-4.7 22.6 22.6 0 0 0-4.6-6.7 21.9 21.9 0 0 0-6.9-4.7 21.2 21.2 0 0 0-8.1-1.8H92zm9.1 33.7l.3.1a1 1 0 0 1 .6.8v.4a8.4 8.4 0 0 1 0 .5 8.8 8.8 0 0 1-1.6 4.2l-1 1.3A10 10 0 0 1 95 66c-1.3.3-2.7.4-4 .3a10.4 10.4 0 0 1-2.7-.8 10 10 0 0 1-3.6-2.5 9.3 9.3 0 0 1-.8-1 9 9 0 0 1-.7-1.2 8.6 8.6 0 0 1-.8-3.4V57a1 1 0 0 1 .3-.6 1 1 0 0 1 1.3-.2 1 1 0 0 1 .4.8v.4a6.5 6.5 0 0 0 .5 2.2 7 7 0 0 0 2.1 2.8l1 .6c2.6 1.6 6 1.6 8.5 0a8 8 0 0 0 1.1-.6 7.6 7.6 0 0 0 1.2-1.2 7 7 0 0 0 1-1.7 6.5 6.5 0 0 0 .4-2.5 1 1 0 0 1 .7-1h.4zM30.7 43.7c-15.5 1-28.5-6-30.1-16.4C-1.2 15.7 11.6 4 29 1.3 46.6-1.7 62.3 5.5 64 17.1c1.6 10.4-8.7 21-23.7 25a31.2 31.2 0 0 0 0 .9v.3a19 19 0 0 0 .1 1l.1.4.1.9a4.7 4.7 0 0 0 .5 1l.7 1a9.2 9.2 0 0 0 1.2 1l1.5.8.6.8-.7.6-1.1.3a11.2 11.2 0 0 1-2.6.4 8.6 8.6 0 0 1-3-.5 8.5 8.5 0 0 1-1-.4 11.2 11.2 0 0 1-1.8-1.2 13.3 13.3 0 0 1-1-1 18 18 0 0 1-.7-.6l-.4-.4a23.4 23.4 0 0 1-1.3-1.8l-.1-.1-.3-.5V45l-.3-.6v-.7zM83.1 36c3.6 0 6.5 3.2 6.5 7.1 0 4-3 7.2-6.5 7.2S76.7 47 76.7 43 79.6 36 83 36zm18 0c3.6 0 6.5 3.2 6.5 7.1 0 4-2.9 7.2-6.4 7.2S94.7 47 94.7 43s3-7.1 6.5-7.1zm-18 6.1c2 0 3.5 1.6 3.5 3.6S85 49.2 83 49.2s-3.4-1.6-3.4-3.6S81.2 42 83 42zm17.9 0c1.9 0 3.4 1.6 3.4 3.6s-1.5 3.6-3.4 3.6c-2 0-3.5-1.6-3.5-3.6S99.1 42 101 42zM17 28c-.3 1.6-1.8 5-5.2 5.8-2.5.6-4.1-.8-4.5-2.6-.4-1.9.7-3.5 2.1-4.5A3.5 3.5 0 0 1 8 24.6c-.4-2 .8-3.7 3.2-4.2 1.9-.5 3.1.2 3.4 1.5.3 1.1-.5 2.2-1.8 2.5-.9.3-1.6 0-1.7-.6a1.4 1.4 0 0 1 0-.7s.3.2 1 0c.7-.1 1-.7.9-1.2-.2-.6-1-.8-1.8-.6-1 .2-2 1-1.7 2.6.3 1 .9 1.6 1.5 1.8l.7-.2c1-.2 1.5 0 1.6.5 0 .4-.2 1-1.2 1.2a3.3 3.3 0 0 1-1.5 0c-.9.7-1.6 1.9-1.3 3.2.3 1.3 1.3 2.2 3 1.8 2.5-.7 3.8-3.7 4.2-5-.3-.5-.6-1-.7-1.6-.1-.5.1-1 .9-1.2.4 0 .7.2.8.8a2.8 2.8 0 0 1 0 1l.7 1c.6-2 1.4-4 1.7-4 .6-.2 1.5.6 1.5.6-.8.7-1.7 2.4-2.3 4.2.8.6 1.6 1 2.1 1 .5-.1.8-.6 1-1.2-.3-2.2 1-4.3 2.3-4.6.7-.2 1.3.2 1.4.8.1.5 0 1.3-.9 1.7-.2-1-.6-1.3-1-1.3-.4.1-.7 1.4-.4 2.8.2 1 .7 1.5 1.3 1.4.8-.2 1.3-1.2 1.7-2.1-.3-2.1.9-4.2 2.2-4.5.7-.2 1.2.1 1.4 1 .4 1.4-1 2.8-2.2 3.4.3.7.7 1 1.3.9 1-.3 1.6-1.5 2-2.5l-.5-3v-.3s1.6-.3 1.8.6v.1c.2-.6.7-1.2 1.3-1.4.8-.1 1.5.6 1.7 1.6.5 2.2-.5 4.4-1.8 4.7H33a31.9 31.9 0 0 0 1 5.2c-.4.1-1.8.4-2-.4l-.5-5.6c-.5 1-1.3 2.2-2.5 2.4-1 .3-1.6-.3-2-1.1-.5 1-1.3 2.1-2.4 2.4-.8.2-1.5-.1-2-1-.3.8-.9 1.5-1.5 1.7-.7.1-1.5-.3-2.4-1-.3.8-.4 1.6-.4 2.2 0 0-.7 0-.8-.4-.1-.5 0-1.5.3-2.7a10.3 10.3 0 0 1-.7-.8zm38.2-17.8l.2.9c.5 1.9.4 4.4.8 6.4 0 .6-.4 3-1.4 3.3-.2 0-.3 0-.4-.4-.1-.7 0-1.6-.3-2.6-.2-1.1-.8-1.6-1.5-1.5-.8.2-1.3 1-1.6 2l-.1-.5c-.2-1-1.8-.6-1.8-.6a6.2 6.2 0 0 1 .4 1.3l.2 1c-.2.5-.6 1-1.2 1l-.2.1a7 7 0 0 0-.1-.8c-.3-1.1-1-2-1.6-1.8a.7.7 0 0 0-.4.3c-1.3.3-2.4 2-2.1 3.9-.2.9-.6 1.7-1 1.9-.5 0-.8-.5-1.1-1.8l-.1-1.2a4 4 0 0 0 0-1.7c0-.4-.4-.7-.8-.6-.7.2-.9 1.7-.5 3.8-.2 1-.6 2-1.3 2-.4.2-.8-.2-1-1l-.2-3c1.2-.5 2-1 1.8-1.7-.1-.5-.8-.7-.8-.7s0 .7-1 1.2l-.2-1.4c-.1-.6-.4-1-1.7-.6l.4 1 .2 1.5h-1v.8c0 .3.4.3 1 .2 0 1.3 0 2.7.2 3.6.3 1.4 1.2 2 2 1.7 1-.2 1.6-1.3 2-2.3.3 1.2 1 2 1.9 1.7.7-.2 1.2-1.1 1.6-2.2.4.8 1.1 1.1 2 1 1.2-.4 1.7-1.6 1.8-2.8h.2c.6-.2 1-.6 1.3-1 0 .8 0 1.5.2 2.1.1.5.3.7.6.6.5-.1 1-.9 1-.9a4 4 0 0 1-.3-1c-.3-1.3.3-3.6 1-3.7.2 0 .3.2.5.7v.8l.2 1.5v.7c.2.7.7 1.3 1.5 1 1.3-.2 2-2.6 2.1-3.9.3.2.6.2 1 .1-.6-2.2 0-6.1-.3-7.9-.1-.4-1-.5-1.7-.5h-.4zm-21.5 12c.4 0 .7.3 1 1.1.2 1.3-.3 2.6-.9 2.8-.2 0-.7 0-1-1.2v-.4c0-1.3.4-2 1-2.2zm-5.2 1c.3 0 .6.2.6.5.2.6-.3 1.3-1.2 2-.3-1.4.1-2.3.6-2.5zm18-.4c-.5.2-1-.4-1.2-1.2-.2-1 0-2.1.7-2.5v.5c.2.7.6 1.5 1.3 1.9 0 .7-.2 1.2-.7 1.3zm10-1.6c0 .5.4.7 1 .6.8-.2 1-1 .8-1.6 0-.5-.4-1-1-.8-.5.1-1 .9-.8 1.8zm-14.3-5.5c0-.4-.5-.7-1-.5-.8.2-1 1-.9 1.5.2.6.5 1 1 .8.5 0 1.1-1 1-1.8z" fill="#fff" fill-opacity=".6"/></svg>            </div>
        </div>
    </div>
</div>

<div class="container">
    <div class="sf-tabs">
        <div class="tab">
                        <h3 class="tab-title">
                                    Exception
                            </h3>

            <div class="tab-content">
                <div class="trace trace-as-html" id="trace-box-1">
    <div class="trace-details">
        <div class="trace-head">
            <div class="sf-toggle" data-toggle-selector="#trace-html-1" data-toggle-initial="display">
                <span class="icon icon-close"><svg width="1792" height="1792" viewBox="0 0 1792 1792" xmlns="http://www.w3.org/2000/svg"><path d="M1344 800v64q0 14-9 23t-23 9H480q-14 0-23-9t-9-23v-64q0-14 9-23t23-9h832q14 0 23 9t9 23zm128 448V416q0-66-47-113t-113-47H480q-66 0-113 47t-47 113v832q0 66 47 113t113 47h832q66 0 113-47t47-113zm128-832v832q0 119-84.5 203.5T1312 1536H480q-119 0-203.5-84.5T192 1248V416q0-119 84.5-203.5T480 128h832q119 0 203.5 84.5T1600 416z"/></svg></span>
                <span class="icon icon-open"><svg width="1792" height="1792" viewBox="0 0 1792 1792" xmlns="http://www.w3.org/2000/svg"><path d="M1344 800v64q0 14-9 23t-23 9H960v352q0 14-9 23t-23 9h-64q-14 0-23-9t-9-23V896H480q-14 0-23-9t-9-23v-64q0-14 9-23t23-9h352V416q0-14 9-23t23-9h64q14 0 23 9t9 23v352h352q14 0 23 9t9 23zm128 448V416q0-66-47-113t-113-47H480q-66 0-113 47t-47 113v832q0 66 47 113t113 47h832q66 0 113-47t47-113zm128-832v832q0 119-84.5 203.5T1312 1536H480q-119 0-203.5-84.5T192 1248V416q0-119 84.5-203.5T480 128h832q119 0 203.5 84.5T1600 416z"/></svg></span>
                                                    <h3 class="trace-class">
                                                    <span class="trace-namespace">Symfony\Component\HttpKernel\Exception\</span>
                                                NotFoundHttpException                    </h3>
                                            </div>
        </div>

        <div id="trace-html-1" class="sf-toggle-content">
                    <div class="trace-line ">
                <div class="trace-line-header break-long-words sf-toggle" data-toggle-selector="#trace-html-1-0" data-toggle-initial="display">
            <span class="icon icon-close"><svg width="1792" height="1792" viewBox="0 0 1792 1792" xmlns="http://www.w3.org/2000/svg"><path d="M1408 960V832q0-26-19-45t-45-19H448q-26 0-45 19t-19 45v128q0 26 19 45t45 19h896q26 0 45-19t19-45zm256-544v960q0 119-84.5 203.5T1376 1664H416q-119 0-203.5-84.5T128 1376V416q0-119 84.5-203.5T416 128h960q119 0 203.5 84.5T1664 416z"/></svg></span>
        <span class="icon icon-open"><svg width="1792" height="1792" viewBox="0 0 1792 1792" xmlns="http://www.w3.org/2000/svg"><path d="M1408 960V832q0-26-19-45t-45-19h-320V448q0-26-19-45t-45-19H832q-26 0-45 19t-19 45v320H448q-26 0-45 19t-19 45v128q0 26 19 45t45 19h320v320q0 26 19 45t45 19h128q26 0 45-19t19-45v-320h320q26 0 45-19t19-45zm256-544v960q0 119-84.5 203.5T1376 1664H416q-119 0-203.5-84.5T128 1376V416q0-119 84.5-203.5T416 128h960q119 0 203.5 84.5T1664 416z"/></svg></span>
    
    
                    <span class="block trace-file-path">
            in
            <a href="">
                C:\Users\user\OneDrive - ESPRIT\Bureau\pidev1\vendor\sensio\framework-extra-bundle\src\Request\ParamConverter\<strong>DoctrineParamConverter.php</strong>
            </a>
                        (line 107)
            <span class="icon icon-copy hidden" data-clipboard-text="C:\Users\user\OneDrive - ESPRIT\Bureau\pidev1\vendor\sensio\framework-extra-bundle\src\Request\ParamConverter\DoctrineParamConverter.php:107">
                <svg xmlns="http://www.w3.org/2000/svg" height="24" viewBox="0 0 24 24" width="24"><path d="M0 0h24v24H0z" fill="none"/><path d="M16 1H4c-1.1 0-2 .9-2 2v14h2V3h12V1zm3 4H8c-1.1 0-2 .9-2 2v14c0 1.1.9 2 2 2h11c1.1 0 2-.9 2-2V7c0-1.1-.9-2-2-2zm0 16H8V7h11v14z"/></svg>            </span>
        </span>
    </div>
    <div id="trace-html-1-0" class="trace-code sf-toggle-content">
        <ol start="102"><li><code><span style="color: var(--highlight-keyword)">&nbsp;&nbsp;&nbsp;&nbsp;&nbsp;&nbsp;&nbsp;&nbsp;if&nbsp;(</span><span style="color: var(--highlight-default)">null&nbsp;</span><span style="color: var(--highlight-keyword)">===&nbsp;</span><span style="color: var(--highlight-default)">$object&nbsp;</span><span style="color: var(--highlight-keyword)">&amp;&amp;&nbsp;</span><span style="color: var(--highlight-default)">false&nbsp;</span><span style="color: var(--highlight-keyword)">===&nbsp;</span><span style="color: var(--highlight-default)">$configuration</span><span style="color: var(--highlight-keyword)">-&gt;</span><span style="color: var(--highlight-default)">isOptional</span><span style="color: var(--highlight-keyword)">())&nbsp;{</span></code></li>
<li><code><span style="color: var(--highlight-keyword)">&nbsp;&nbsp;&nbsp;&nbsp;&nbsp;&nbsp;&nbsp;&nbsp;&nbsp;&nbsp;&nbsp;&nbsp;</span><span style="color: var(--highlight-default)">$message&nbsp;</span><span style="color: var(--highlight-keyword)">=&nbsp;</span><span style="color: var(--highlight-default)">sprintf</span><span style="color: var(--highlight-keyword)">(</span><span style="color: var(--highlight-string)">'%s&nbsp;object&nbsp;not&nbsp;found&nbsp;by&nbsp;the&nbsp;@%s&nbsp;annotation.'</span><span style="color: var(--highlight-keyword)">,&nbsp;</span><span style="color: var(--highlight-default)">$class</span><span style="color: var(--highlight-keyword)">,&nbsp;</span><span style="color: var(--highlight-default)">$this</span><span style="color: var(--highlight-keyword)">-&gt;</span><span style="color: var(--highlight-default)">getAnnotationName</span><span style="color: var(--highlight-keyword)">(</span><span style="color: var(--highlight-default)">$configuration</span><span style="color: var(--highlight-keyword)">));</span></code></li>
<li><code><span style="color: var(--highlight-keyword)">&nbsp;&nbsp;&nbsp;&nbsp;&nbsp;&nbsp;&nbsp;&nbsp;&nbsp;&nbsp;&nbsp;&nbsp;if&nbsp;(</span><span style="color: var(--highlight-default)">$errorMessage</span><span style="color: var(--highlight-keyword)">)&nbsp;{</span></code></li>
<li><code><span style="color: var(--highlight-keyword)">&nbsp;&nbsp;&nbsp;&nbsp;&nbsp;&nbsp;&nbsp;&nbsp;&nbsp;&nbsp;&nbsp;&nbsp;&nbsp;&nbsp;&nbsp;&nbsp;</span><span style="color: var(--highlight-default)">$message&nbsp;</span><span style="color: var(--highlight-keyword)">.=&nbsp;</span><span style="color: var(--highlight-string)">'&nbsp;'</span><span style="color: var(--highlight-keyword)">.</span><span style="color: var(--highlight-default)">$errorMessage</span><span style="color: var(--highlight-keyword)">;</span></code></li>
<li><code><span style="color: var(--highlight-keyword)">&nbsp;&nbsp;&nbsp;&nbsp;&nbsp;&nbsp;&nbsp;&nbsp;&nbsp;&nbsp;&nbsp;&nbsp;}</span></code></li>
<li class="selected"><code><span style="color: var(--highlight-keyword)">&nbsp;&nbsp;&nbsp;&nbsp;&nbsp;&nbsp;&nbsp;&nbsp;&nbsp;&nbsp;&nbsp;&nbsp;throw&nbsp;new&nbsp;</span><span style="color: var(--highlight-default)">NotFoundHttpException</span><span style="color: var(--highlight-keyword)">(</span><span style="color: var(--highlight-default)">$message</span><span style="color: var(--highlight-keyword)">);</span></code></li>
<li><code><span style="color: var(--highlight-keyword)">&nbsp;&nbsp;&nbsp;&nbsp;&nbsp;&nbsp;&nbsp;&nbsp;}</span></code></li>
<li><code><span style="color: var(--highlight-keyword)"></span></code></li>
<li><code><span style="color: var(--highlight-keyword)">&nbsp;&nbsp;&nbsp;&nbsp;&nbsp;&nbsp;&nbsp;&nbsp;</span><span style="color: var(--highlight-default)">$request</span><span style="color: var(--highlight-keyword)">-&gt;</span><span style="color: var(--highlight-default)">attributes</span><span style="color: var(--highlight-keyword)">-&gt;</span><span style="color: var(--highlight-default)">set</span><span style="color: var(--highlight-keyword)">(</span><span style="color: var(--highlight-default)">$name</span><span style="color: var(--highlight-keyword)">,&nbsp;</span><span style="color: var(--highlight-default)">$object</span><span style="color: var(--highlight-keyword)">);</span></code></li>
<li><code><span style="color: var(--highlight-keyword)"></span></code></li>
<li><code><span style="color: var(--highlight-keyword)">&nbsp;&nbsp;&nbsp;&nbsp;&nbsp;&nbsp;&nbsp;&nbsp;return&nbsp;</span><span style="color: var(--highlight-default)">true</span><span style="color: var(--highlight-keyword)">;</span></code></li></ol>    </div>            </div>
                        <div class="trace-line ">
                <div class="trace-line-header break-long-words sf-toggle" data-toggle-selector="#trace-html-1-1" data-toggle-initial="">
            <span class="icon icon-close"><svg width="1792" height="1792" viewBox="0 0 1792 1792" xmlns="http://www.w3.org/2000/svg"><path d="M1408 960V832q0-26-19-45t-45-19H448q-26 0-45 19t-19 45v128q0 26 19 45t45 19h896q26 0 45-19t19-45zm256-544v960q0 119-84.5 203.5T1376 1664H416q-119 0-203.5-84.5T128 1376V416q0-119 84.5-203.5T416 128h960q119 0 203.5 84.5T1664 416z"/></svg></span>
        <span class="icon icon-open"><svg width="1792" height="1792" viewBox="0 0 1792 1792" xmlns="http://www.w3.org/2000/svg"><path d="M1408 960V832q0-26-19-45t-45-19h-320V448q0-26-19-45t-45-19H832q-26 0-45 19t-19 45v320H448q-26 0-45 19t-19 45v128q0 26 19 45t45 19h320v320q0 26 19 45t45 19h128q26 0 45-19t19-45v-320h320q26 0 45-19t19-45zm256-544v960q0 119-84.5 203.5T1376 1664H416q-119 0-203.5-84.5T128 1376V416q0-119 84.5-203.5T416 128h960q119 0 203.5 84.5T1664 416z"/></svg></span>
    
            <span class="trace-class"><abbr title="Sensio\Bundle\FrameworkExtraBundle\Request\ParamConverter\DoctrineParamConverter">DoctrineParamConverter</abbr></span><span class="trace-type">-></span><span class="trace-method">apply</span><span class="trace-arguments">(<em>object</em>(<abbr title="Symfony\Component\HttpFoundation\Request">Request</abbr>), <em>object</em>(<abbr title="Sensio\Bundle\FrameworkExtraBundle\Configuration\ParamConverter">ParamConverter</abbr>))</span>    
                    <span class="block trace-file-path">
            in
            <a href="">
                C:\Users\user\OneDrive - ESPRIT\Bureau\pidev1\vendor\sensio\framework-extra-bundle\src\Request\ParamConverter\<strong>ParamConverterManager.php</strong>
            </a>
                        (line 84)
            <span class="icon icon-copy hidden" data-clipboard-text="C:\Users\user\OneDrive - ESPRIT\Bureau\pidev1\vendor\sensio\framework-extra-bundle\src\Request\ParamConverter\ParamConverterManager.php:84">
                <svg xmlns="http://www.w3.org/2000/svg" height="24" viewBox="0 0 24 24" width="24"><path d="M0 0h24v24H0z" fill="none"/><path d="M16 1H4c-1.1 0-2 .9-2 2v14h2V3h12V1zm3 4H8c-1.1 0-2 .9-2 2v14c0 1.1.9 2 2 2h11c1.1 0 2-.9 2-2V7c0-1.1-.9-2-2-2zm0 16H8V7h11v14z"/></svg>            </span>
        </span>
    </div>
    <div id="trace-html-1-1" class="trace-code sf-toggle-content">
        <ol start="79"><li><code><span style="color: var(--highlight-keyword)">&nbsp;&nbsp;&nbsp;&nbsp;&nbsp;&nbsp;&nbsp;&nbsp;&nbsp;&nbsp;&nbsp;&nbsp;return;</span></code></li>
<li><code><span style="color: var(--highlight-keyword)">&nbsp;&nbsp;&nbsp;&nbsp;&nbsp;&nbsp;&nbsp;&nbsp;}</span></code></li>
<li><code><span style="color: var(--highlight-keyword)"></span></code></li>
<li><code><span style="color: var(--highlight-keyword)">&nbsp;&nbsp;&nbsp;&nbsp;&nbsp;&nbsp;&nbsp;&nbsp;foreach&nbsp;(</span><span style="color: var(--highlight-default)">$this</span><span style="color: var(--highlight-keyword)">-&gt;</span><span style="color: var(--highlight-default)">all</span><span style="color: var(--highlight-keyword)">()&nbsp;as&nbsp;</span><span style="color: var(--highlight-default)">$converter</span><span style="color: var(--highlight-keyword)">)&nbsp;{</span></code></li>
<li><code><span style="color: var(--highlight-keyword)">&nbsp;&nbsp;&nbsp;&nbsp;&nbsp;&nbsp;&nbsp;&nbsp;&nbsp;&nbsp;&nbsp;&nbsp;if&nbsp;(</span><span style="color: var(--highlight-default)">$converter</span><span style="color: var(--highlight-keyword)">-&gt;</span><span style="color: var(--highlight-default)">supports</span><span style="color: var(--highlight-keyword)">(</span><span style="color: var(--highlight-default)">$configuration</span><span style="color: var(--highlight-keyword)">))&nbsp;{</span></code></li>
<li class="selected"><code><span style="color: var(--highlight-keyword)">&nbsp;&nbsp;&nbsp;&nbsp;&nbsp;&nbsp;&nbsp;&nbsp;&nbsp;&nbsp;&nbsp;&nbsp;&nbsp;&nbsp;&nbsp;&nbsp;if&nbsp;(</span><span style="color: var(--highlight-default)">$converter</span><span style="color: var(--highlight-keyword)">-&gt;</span><span style="color: var(--highlight-default)">apply</span><span style="color: var(--highlight-keyword)">(</span><span style="color: var(--highlight-default)">$request</span><span style="color: var(--highlight-keyword)">,&nbsp;</span><span style="color: var(--highlight-default)">$configuration</span><span style="color: var(--highlight-keyword)">))&nbsp;{</span></code></li>
<li><code><span style="color: var(--highlight-keyword)">&nbsp;&nbsp;&nbsp;&nbsp;&nbsp;&nbsp;&nbsp;&nbsp;&nbsp;&nbsp;&nbsp;&nbsp;&nbsp;&nbsp;&nbsp;&nbsp;&nbsp;&nbsp;&nbsp;&nbsp;return;</span></code></li>
<li><code><span style="color: var(--highlight-keyword)">&nbsp;&nbsp;&nbsp;&nbsp;&nbsp;&nbsp;&nbsp;&nbsp;&nbsp;&nbsp;&nbsp;&nbsp;&nbsp;&nbsp;&nbsp;&nbsp;}</span></code></li>
<li><code><span style="color: var(--highlight-keyword)">&nbsp;&nbsp;&nbsp;&nbsp;&nbsp;&nbsp;&nbsp;&nbsp;&nbsp;&nbsp;&nbsp;&nbsp;}</span></code></li>
<li><code><span style="color: var(--highlight-keyword)">&nbsp;&nbsp;&nbsp;&nbsp;&nbsp;&nbsp;&nbsp;&nbsp;}</span></code></li>
<li><code><span style="color: var(--highlight-keyword)">&nbsp;&nbsp;&nbsp;&nbsp;}</span></code></li></ol>    </div>            </div>
                        <div class="trace-line ">
                <div class="trace-line-header break-long-words sf-toggle" data-toggle-selector="#trace-html-1-2" data-toggle-initial="">
            <span class="icon icon-close"><svg width="1792" height="1792" viewBox="0 0 1792 1792" xmlns="http://www.w3.org/2000/svg"><path d="M1408 960V832q0-26-19-45t-45-19H448q-26 0-45 19t-19 45v128q0 26 19 45t45 19h896q26 0 45-19t19-45zm256-544v960q0 119-84.5 203.5T1376 1664H416q-119 0-203.5-84.5T128 1376V416q0-119 84.5-203.5T416 128h960q119 0 203.5 84.5T1664 416z"/></svg></span>
        <span class="icon icon-open"><svg width="1792" height="1792" viewBox="0 0 1792 1792" xmlns="http://www.w3.org/2000/svg"><path d="M1408 960V832q0-26-19-45t-45-19h-320V448q0-26-19-45t-45-19H832q-26 0-45 19t-19 45v320H448q-26 0-45 19t-19 45v128q0 26 19 45t45 19h320v320q0 26 19 45t45 19h128q26 0 45-19t19-45v-320h320q26 0 45-19t19-45zm256-544v960q0 119-84.5 203.5T1376 1664H416q-119 0-203.5-84.5T128 1376V416q0-119 84.5-203.5T416 128h960q119 0 203.5 84.5T1664 416z"/></svg></span>
    
            <span class="trace-class"><abbr title="Sensio\Bundle\FrameworkExtraBundle\Request\ParamConverter\ParamConverterManager">ParamConverterManager</abbr></span><span class="trace-type">-></span><span class="trace-method">applyConverter</span><span class="trace-arguments">(<em>object</em>(<abbr title="Symfony\Component\HttpFoundation\Request">Request</abbr>), <em>object</em>(<abbr title="Sensio\Bundle\FrameworkExtraBundle\Configuration\ParamConverter">ParamConverter</abbr>))</span>    
                    <span class="block trace-file-path">
            in
            <a href="">
                C:\Users\user\OneDrive - ESPRIT\Bureau\pidev1\vendor\sensio\framework-extra-bundle\src\Request\ParamConverter\<strong>ParamConverterManager.php</strong>
            </a>
                        (line 48)
            <span class="icon icon-copy hidden" data-clipboard-text="C:\Users\user\OneDrive - ESPRIT\Bureau\pidev1\vendor\sensio\framework-extra-bundle\src\Request\ParamConverter\ParamConverterManager.php:48">
                <svg xmlns="http://www.w3.org/2000/svg" height="24" viewBox="0 0 24 24" width="24"><path d="M0 0h24v24H0z" fill="none"/><path d="M16 1H4c-1.1 0-2 .9-2 2v14h2V3h12V1zm3 4H8c-1.1 0-2 .9-2 2v14c0 1.1.9 2 2 2h11c1.1 0 2-.9 2-2V7c0-1.1-.9-2-2-2zm0 16H8V7h11v14z"/></svg>            </span>
        </span>
    </div>
    <div id="trace-html-1-2" class="trace-code sf-toggle-content">
        <ol start="43"><li><code><span style="color: var(--highlight-keyword)">&nbsp;&nbsp;&nbsp;&nbsp;&nbsp;&nbsp;&nbsp;&nbsp;if&nbsp;(</span><span style="color: var(--highlight-default)">\is_object</span><span style="color: var(--highlight-keyword)">(</span><span style="color: var(--highlight-default)">$configurations</span><span style="color: var(--highlight-keyword)">))&nbsp;{</span></code></li>
<li><code><span style="color: var(--highlight-keyword)">&nbsp;&nbsp;&nbsp;&nbsp;&nbsp;&nbsp;&nbsp;&nbsp;&nbsp;&nbsp;&nbsp;&nbsp;</span><span style="color: var(--highlight-default)">$configurations&nbsp;</span><span style="color: var(--highlight-keyword)">=&nbsp;[</span><span style="color: var(--highlight-default)">$configurations</span><span style="color: var(--highlight-keyword)">];</span></code></li>
<li><code><span style="color: var(--highlight-keyword)">&nbsp;&nbsp;&nbsp;&nbsp;&nbsp;&nbsp;&nbsp;&nbsp;}</span></code></li>
<li><code><span style="color: var(--highlight-keyword)"></span></code></li>
<li><code><span style="color: var(--highlight-keyword)">&nbsp;&nbsp;&nbsp;&nbsp;&nbsp;&nbsp;&nbsp;&nbsp;foreach&nbsp;(</span><span style="color: var(--highlight-default)">$configurations&nbsp;</span><span style="color: var(--highlight-keyword)">as&nbsp;</span><span style="color: var(--highlight-default)">$configuration</span><span style="color: var(--highlight-keyword)">)&nbsp;{</span></code></li>
<li class="selected"><code><span style="color: var(--highlight-keyword)">&nbsp;&nbsp;&nbsp;&nbsp;&nbsp;&nbsp;&nbsp;&nbsp;&nbsp;&nbsp;&nbsp;&nbsp;</span><span style="color: var(--highlight-default)">$this</span><span style="color: var(--highlight-keyword)">-&gt;</span><span style="color: var(--highlight-default)">applyConverter</span><span style="color: var(--highlight-keyword)">(</span><span style="color: var(--highlight-default)">$request</span><span style="color: var(--highlight-keyword)">,&nbsp;</span><span style="color: var(--highlight-default)">$configuration</span><span style="color: var(--highlight-keyword)">);</span></code></li>
<li><code><span style="color: var(--highlight-keyword)">&nbsp;&nbsp;&nbsp;&nbsp;&nbsp;&nbsp;&nbsp;&nbsp;}</span></code></li>
<li><code><span style="color: var(--highlight-keyword)">&nbsp;&nbsp;&nbsp;&nbsp;}</span></code></li>
<li><code><span style="color: var(--highlight-keyword)"></span></code></li>
<li><code><span style="color: var(--highlight-keyword)">&nbsp;&nbsp;&nbsp;&nbsp;</span><span style="color: var(--highlight-comment)">/**</span></code></li>
<li><code><span style="color: var(--highlight-comment)">&nbsp;&nbsp;&nbsp;&nbsp;&nbsp;*&nbsp;Applies&nbsp;converter&nbsp;on&nbsp;request&nbsp;based&nbsp;on&nbsp;the&nbsp;given&nbsp;configuration.</span></code></li></ol>    </div>            </div>
                        <div class="trace-line ">
                <div class="trace-line-header break-long-words sf-toggle" data-toggle-selector="#trace-html-1-3" data-toggle-initial="">
            <span class="icon icon-close"><svg width="1792" height="1792" viewBox="0 0 1792 1792" xmlns="http://www.w3.org/2000/svg"><path d="M1408 960V832q0-26-19-45t-45-19H448q-26 0-45 19t-19 45v128q0 26 19 45t45 19h896q26 0 45-19t19-45zm256-544v960q0 119-84.5 203.5T1376 1664H416q-119 0-203.5-84.5T128 1376V416q0-119 84.5-203.5T416 128h960q119 0 203.5 84.5T1664 416z"/></svg></span>
        <span class="icon icon-open"><svg width="1792" height="1792" viewBox="0 0 1792 1792" xmlns="http://www.w3.org/2000/svg"><path d="M1408 960V832q0-26-19-45t-45-19h-320V448q0-26-19-45t-45-19H832q-26 0-45 19t-19 45v320H448q-26 0-45 19t-19 45v128q0 26 19 45t45 19h320v320q0 26 19 45t45 19h128q26 0 45-19t19-45v-320h320q26 0 45-19t19-45zm256-544v960q0 119-84.5 203.5T1376 1664H416q-119 0-203.5-84.5T128 1376V416q0-119 84.5-203.5T416 128h960q119 0 203.5 84.5T1664 416z"/></svg></span>
    
            <span class="trace-class"><abbr title="Sensio\Bundle\FrameworkExtraBundle\Request\ParamConverter\ParamConverterManager">ParamConverterManager</abbr></span><span class="trace-type">-></span><span class="trace-method">apply</span><span class="trace-arguments">(<em>object</em>(<abbr title="Symfony\Component\HttpFoundation\Request">Request</abbr>), <em>array</em>('post' => <em>object</em>(<abbr title="Sensio\Bundle\FrameworkExtraBundle\Configuration\ParamConverter">ParamConverter</abbr>), 'entityManager' => <em>object</em>(<abbr title="Sensio\Bundle\FrameworkExtraBundle\Configuration\ParamConverter">ParamConverter</abbr>)))</span>    
                    <span class="block trace-file-path">
            in
            <a href="">
                C:\Users\user\OneDrive - ESPRIT\Bureau\pidev1\vendor\sensio\framework-extra-bundle\src\EventListener\<strong>ParamConverterListener.php</strong>
            </a>
                        (line 72)
            <span class="icon icon-copy hidden" data-clipboard-text="C:\Users\user\OneDrive - ESPRIT\Bureau\pidev1\vendor\sensio\framework-extra-bundle\src\EventListener\ParamConverterListener.php:72">
                <svg xmlns="http://www.w3.org/2000/svg" height="24" viewBox="0 0 24 24" width="24"><path d="M0 0h24v24H0z" fill="none"/><path d="M16 1H4c-1.1 0-2 .9-2 2v14h2V3h12V1zm3 4H8c-1.1 0-2 .9-2 2v14c0 1.1.9 2 2 2h11c1.1 0 2-.9 2-2V7c0-1.1-.9-2-2-2zm0 16H8V7h11v14z"/></svg>            </span>
        </span>
    </div>
    <div id="trace-html-1-3" class="trace-code sf-toggle-content">
        <ol start="67"><li><code><span style="color: var(--highlight-keyword)">&nbsp;&nbsp;&nbsp;&nbsp;&nbsp;&nbsp;&nbsp;&nbsp;&nbsp;&nbsp;&nbsp;&nbsp;}</span></code></li>
<li><code><span style="color: var(--highlight-keyword)"></span></code></li>
<li><code><span style="color: var(--highlight-keyword)">&nbsp;&nbsp;&nbsp;&nbsp;&nbsp;&nbsp;&nbsp;&nbsp;&nbsp;&nbsp;&nbsp;&nbsp;</span><span style="color: var(--highlight-default)">$configurations&nbsp;</span><span style="color: var(--highlight-keyword)">=&nbsp;</span><span style="color: var(--highlight-default)">$this</span><span style="color: var(--highlight-keyword)">-&gt;</span><span style="color: var(--highlight-default)">autoConfigure</span><span style="color: var(--highlight-keyword)">(</span><span style="color: var(--highlight-default)">$r</span><span style="color: var(--highlight-keyword)">,&nbsp;</span><span style="color: var(--highlight-default)">$request</span><span style="color: var(--highlight-keyword)">,&nbsp;</span><span style="color: var(--highlight-default)">$configurations</span><span style="color: var(--highlight-keyword)">);</span></code></li>
<li><code><span style="color: var(--highlight-keyword)">&nbsp;&nbsp;&nbsp;&nbsp;&nbsp;&nbsp;&nbsp;&nbsp;}</span></code></li>
<li><code><span style="color: var(--highlight-keyword)"></span></code></li>
<li class="selected"><code><span style="color: var(--highlight-keyword)">&nbsp;&nbsp;&nbsp;&nbsp;&nbsp;&nbsp;&nbsp;&nbsp;</span><span style="color: var(--highlight-default)">$this</span><span style="color: var(--highlight-keyword)">-&gt;</span><span style="color: var(--highlight-default)">manager</span><span style="color: var(--highlight-keyword)">-&gt;</span><span style="color: var(--highlight-default)">apply</span><span style="color: var(--highlight-keyword)">(</span><span style="color: var(--highlight-default)">$request</span><span style="color: var(--highlight-keyword)">,&nbsp;</span><span style="color: var(--highlight-default)">$configurations</span><span style="color: var(--highlight-keyword)">);</span></code></li>
<li><code><span style="color: var(--highlight-keyword)">&nbsp;&nbsp;&nbsp;&nbsp;}</span></code></li>
<li><code><span style="color: var(--highlight-keyword)"></span></code></li>
<li><code><span style="color: var(--highlight-keyword)">&nbsp;&nbsp;&nbsp;&nbsp;private&nbsp;function&nbsp;</span><span style="color: var(--highlight-default)">autoConfigure</span><span style="color: var(--highlight-keyword)">(</span><span style="color: var(--highlight-default)">\ReflectionFunctionAbstract&nbsp;$r</span><span style="color: var(--highlight-keyword)">,&nbsp;</span><span style="color: var(--highlight-default)">Request&nbsp;$request</span><span style="color: var(--highlight-keyword)">,&nbsp;</span><span style="color: var(--highlight-default)">$configurations</span><span style="color: var(--highlight-keyword)">)</span></code></li>
<li><code><span style="color: var(--highlight-keyword)">&nbsp;&nbsp;&nbsp;&nbsp;{</span></code></li>
<li><code><span style="color: var(--highlight-keyword)">&nbsp;&nbsp;&nbsp;&nbsp;&nbsp;&nbsp;&nbsp;&nbsp;foreach&nbsp;(</span><span style="color: var(--highlight-default)">$r</span><span style="color: var(--highlight-keyword)">-&gt;</span><span style="color: var(--highlight-default)">getParameters</span><span style="color: var(--highlight-keyword)">()&nbsp;as&nbsp;</span><span style="color: var(--highlight-default)">$param</span><span style="color: var(--highlight-keyword)">)&nbsp;{</span></code></li></ol>    </div>            </div>
                        <div class="trace-line ">
                <div class="trace-line-header break-long-words sf-toggle" data-toggle-selector="#trace-html-1-4" data-toggle-initial="">
            <span class="icon icon-close"><svg width="1792" height="1792" viewBox="0 0 1792 1792" xmlns="http://www.w3.org/2000/svg"><path d="M1408 960V832q0-26-19-45t-45-19H448q-26 0-45 19t-19 45v128q0 26 19 45t45 19h896q26 0 45-19t19-45zm256-544v960q0 119-84.5 203.5T1376 1664H416q-119 0-203.5-84.5T128 1376V416q0-119 84.5-203.5T416 128h960q119 0 203.5 84.5T1664 416z"/></svg></span>
        <span class="icon icon-open"><svg width="1792" height="1792" viewBox="0 0 1792 1792" xmlns="http://www.w3.org/2000/svg"><path d="M1408 960V832q0-26-19-45t-45-19h-320V448q0-26-19-45t-45-19H832q-26 0-45 19t-19 45v320H448q-26 0-45 19t-19 45v128q0 26 19 45t45 19h320v320q0 26 19 45t45 19h128q26 0 45-19t19-45v-320h320q26 0 45-19t19-45zm256-544v960q0 119-84.5 203.5T1376 1664H416q-119 0-203.5-84.5T128 1376V416q0-119 84.5-203.5T416 128h960q119 0 203.5 84.5T1664 416z"/></svg></span>
    
            <span class="trace-class"><abbr title="Sensio\Bundle\FrameworkExtraBundle\EventListener\ParamConverterListener">ParamConverterListener</abbr></span><span class="trace-type">-></span><span class="trace-method">onKernelController</span><span class="trace-arguments">(<em>object</em>(<abbr title="Symfony\Component\HttpKernel\Event\ControllerEvent">ControllerEvent</abbr>), 'kernel.controller', <em>object</em>(<abbr title="Symfony\Component\HttpKernel\Debug\TraceableEventDispatcher">TraceableEventDispatcher</abbr>))</span>    
                    <span class="block trace-file-path">
            in
            <a href="">
                C:\Users\user\OneDrive - ESPRIT\Bureau\pidev1\vendor\symfony\event-dispatcher\Debug\<strong>WrappedListener.php</strong>
            </a>
                        (line 118)
            <span class="icon icon-copy hidden" data-clipboard-text="C:\Users\user\OneDrive - ESPRIT\Bureau\pidev1\vendor\symfony\event-dispatcher\Debug\WrappedListener.php:118">
                <svg xmlns="http://www.w3.org/2000/svg" height="24" viewBox="0 0 24 24" width="24"><path d="M0 0h24v24H0z" fill="none"/><path d="M16 1H4c-1.1 0-2 .9-2 2v14h2V3h12V1zm3 4H8c-1.1 0-2 .9-2 2v14c0 1.1.9 2 2 2h11c1.1 0 2-.9 2-2V7c0-1.1-.9-2-2-2zm0 16H8V7h11v14z"/></svg>            </span>
        </span>
    </div>
    <div id="trace-html-1-4" class="trace-code sf-toggle-content">
        <ol start="113"><li><code><span style="color: var(--highlight-keyword)">&nbsp;&nbsp;&nbsp;&nbsp;&nbsp;&nbsp;&nbsp;&nbsp;</span><span style="color: var(--highlight-default)">$this</span><span style="color: var(--highlight-keyword)">-&gt;</span><span style="color: var(--highlight-default)">priority&nbsp;</span><span style="color: var(--highlight-keyword)">=&nbsp;</span><span style="color: var(--highlight-default)">$dispatcher</span><span style="color: var(--highlight-keyword)">-&gt;</span><span style="color: var(--highlight-default)">getListenerPriority</span><span style="color: var(--highlight-keyword)">(</span><span style="color: var(--highlight-default)">$eventName</span><span style="color: var(--highlight-keyword)">,&nbsp;</span><span style="color: var(--highlight-default)">$this</span><span style="color: var(--highlight-keyword)">-&gt;</span><span style="color: var(--highlight-default)">listener</span><span style="color: var(--highlight-keyword)">);</span></code></li>
<li><code><span style="color: var(--highlight-keyword)"></span></code></li>
<li><code><span style="color: var(--highlight-keyword)">&nbsp;&nbsp;&nbsp;&nbsp;&nbsp;&nbsp;&nbsp;&nbsp;</span><span style="color: var(--highlight-default)">$e&nbsp;</span><span style="color: var(--highlight-keyword)">=&nbsp;</span><span style="color: var(--highlight-default)">$this</span><span style="color: var(--highlight-keyword)">-&gt;</span><span style="color: var(--highlight-default)">stopwatch</span><span style="color: var(--highlight-keyword)">-&gt;</span><span style="color: var(--highlight-default)">start</span><span style="color: var(--highlight-keyword)">(</span><span style="color: var(--highlight-default)">$this</span><span style="color: var(--highlight-keyword)">-&gt;</span><span style="color: var(--highlight-default)">name</span><span style="color: var(--highlight-keyword)">,&nbsp;</span><span style="color: var(--highlight-string)">'event_listener'</span><span style="color: var(--highlight-keyword)">);</span></code></li>
<li><code><span style="color: var(--highlight-keyword)"></span></code></li>
<li><code><span style="color: var(--highlight-keyword)">&nbsp;&nbsp;&nbsp;&nbsp;&nbsp;&nbsp;&nbsp;&nbsp;try&nbsp;{</span></code></li>
<li class="selected"><code><span style="color: var(--highlight-keyword)">&nbsp;&nbsp;&nbsp;&nbsp;&nbsp;&nbsp;&nbsp;&nbsp;&nbsp;&nbsp;&nbsp;&nbsp;(</span><span style="color: var(--highlight-default)">$this</span><span style="color: var(--highlight-keyword)">-&gt;</span><span style="color: var(--highlight-default)">optimizedListener&nbsp;</span><span style="color: var(--highlight-keyword)">??&nbsp;</span><span style="color: var(--highlight-default)">$this</span><span style="color: var(--highlight-keyword)">-&gt;</span><span style="color: var(--highlight-default)">listener</span><span style="color: var(--highlight-keyword)">)(</span><span style="color: var(--highlight-default)">$event</span><span style="color: var(--highlight-keyword)">,&nbsp;</span><span style="color: var(--highlight-default)">$eventName</span><span style="color: var(--highlight-keyword)">,&nbsp;</span><span style="color: var(--highlight-default)">$dispatcher</span><span style="color: var(--highlight-keyword)">);</span></code></li>
<li><code><span style="color: var(--highlight-keyword)">&nbsp;&nbsp;&nbsp;&nbsp;&nbsp;&nbsp;&nbsp;&nbsp;}&nbsp;finally&nbsp;{</span></code></li>
<li><code><span style="color: var(--highlight-keyword)">&nbsp;&nbsp;&nbsp;&nbsp;&nbsp;&nbsp;&nbsp;&nbsp;&nbsp;&nbsp;&nbsp;&nbsp;if&nbsp;(</span><span style="color: var(--highlight-default)">$e</span><span style="color: var(--highlight-keyword)">-&gt;</span><span style="color: var(--highlight-default)">isStarted</span><span style="color: var(--highlight-keyword)">())&nbsp;{</span></code></li>
<li><code><span style="color: var(--highlight-keyword)">&nbsp;&nbsp;&nbsp;&nbsp;&nbsp;&nbsp;&nbsp;&nbsp;&nbsp;&nbsp;&nbsp;&nbsp;&nbsp;&nbsp;&nbsp;&nbsp;</span><span style="color: var(--highlight-default)">$e</span><span style="color: var(--highlight-keyword)">-&gt;</span><span style="color: var(--highlight-default)">stop</span><span style="color: var(--highlight-keyword)">();</span></code></li>
<li><code><span style="color: var(--highlight-keyword)">&nbsp;&nbsp;&nbsp;&nbsp;&nbsp;&nbsp;&nbsp;&nbsp;&nbsp;&nbsp;&nbsp;&nbsp;}</span></code></li>
<li><code><span style="color: var(--highlight-keyword)">&nbsp;&nbsp;&nbsp;&nbsp;&nbsp;&nbsp;&nbsp;&nbsp;}</span></code></li></ol>    </div>            </div>
                        <div class="trace-line ">
                <div class="trace-line-header break-long-words sf-toggle" data-toggle-selector="#trace-html-1-5" data-toggle-initial="">
            <span class="icon icon-close"><svg width="1792" height="1792" viewBox="0 0 1792 1792" xmlns="http://www.w3.org/2000/svg"><path d="M1408 960V832q0-26-19-45t-45-19H448q-26 0-45 19t-19 45v128q0 26 19 45t45 19h896q26 0 45-19t19-45zm256-544v960q0 119-84.5 203.5T1376 1664H416q-119 0-203.5-84.5T128 1376V416q0-119 84.5-203.5T416 128h960q119 0 203.5 84.5T1664 416z"/></svg></span>
        <span class="icon icon-open"><svg width="1792" height="1792" viewBox="0 0 1792 1792" xmlns="http://www.w3.org/2000/svg"><path d="M1408 960V832q0-26-19-45t-45-19h-320V448q0-26-19-45t-45-19H832q-26 0-45 19t-19 45v320H448q-26 0-45 19t-19 45v128q0 26 19 45t45 19h320v320q0 26 19 45t45 19h128q26 0 45-19t19-45v-320h320q26 0 45-19t19-45zm256-544v960q0 119-84.5 203.5T1376 1664H416q-119 0-203.5-84.5T128 1376V416q0-119 84.5-203.5T416 128h960q119 0 203.5 84.5T1664 416z"/></svg></span>
    
            <span class="trace-class"><abbr title="Symfony\Component\EventDispatcher\Debug\WrappedListener">WrappedListener</abbr></span><span class="trace-type">-></span><span class="trace-method">__invoke</span><span class="trace-arguments">(<em>object</em>(<abbr title="Symfony\Component\HttpKernel\Event\ControllerEvent">ControllerEvent</abbr>), 'kernel.controller', <em>object</em>(<abbr title="Symfony\Component\HttpKernel\Debug\TraceableEventDispatcher">TraceableEventDispatcher</abbr>))</span>    
                    <span class="block trace-file-path">
            in
            <a href="">
                C:\Users\user\OneDrive - ESPRIT\Bureau\pidev1\vendor\symfony\event-dispatcher\<strong>EventDispatcher.php</strong>
            </a>
                        (line 230)
            <span class="icon icon-copy hidden" data-clipboard-text="C:\Users\user\OneDrive - ESPRIT\Bureau\pidev1\vendor\symfony\event-dispatcher\EventDispatcher.php:230">
                <svg xmlns="http://www.w3.org/2000/svg" height="24" viewBox="0 0 24 24" width="24"><path d="M0 0h24v24H0z" fill="none"/><path d="M16 1H4c-1.1 0-2 .9-2 2v14h2V3h12V1zm3 4H8c-1.1 0-2 .9-2 2v14c0 1.1.9 2 2 2h11c1.1 0 2-.9 2-2V7c0-1.1-.9-2-2-2zm0 16H8V7h11v14z"/></svg>            </span>
        </span>
    </div>
    <div id="trace-html-1-5" class="trace-code sf-toggle-content">
        <ol start="225"><li><code><span style="color: var(--highlight-keyword)"></span></code></li>
<li><code><span style="color: var(--highlight-keyword)">&nbsp;&nbsp;&nbsp;&nbsp;&nbsp;&nbsp;&nbsp;&nbsp;foreach&nbsp;(</span><span style="color: var(--highlight-default)">$listeners&nbsp;</span><span style="color: var(--highlight-keyword)">as&nbsp;</span><span style="color: var(--highlight-default)">$listener</span><span style="color: var(--highlight-keyword)">)&nbsp;{</span></code></li>
<li><code><span style="color: var(--highlight-keyword)">&nbsp;&nbsp;&nbsp;&nbsp;&nbsp;&nbsp;&nbsp;&nbsp;&nbsp;&nbsp;&nbsp;&nbsp;if&nbsp;(</span><span style="color: var(--highlight-default)">$stoppable&nbsp;</span><span style="color: var(--highlight-keyword)">&amp;&amp;&nbsp;</span><span style="color: var(--highlight-default)">$event</span><span style="color: var(--highlight-keyword)">-&gt;</span><span style="color: var(--highlight-default)">isPropagationStopped</span><span style="color: var(--highlight-keyword)">())&nbsp;{</span></code></li>
<li><code><span style="color: var(--highlight-keyword)">&nbsp;&nbsp;&nbsp;&nbsp;&nbsp;&nbsp;&nbsp;&nbsp;&nbsp;&nbsp;&nbsp;&nbsp;&nbsp;&nbsp;&nbsp;&nbsp;break;</span></code></li>
<li><code><span style="color: var(--highlight-keyword)">&nbsp;&nbsp;&nbsp;&nbsp;&nbsp;&nbsp;&nbsp;&nbsp;&nbsp;&nbsp;&nbsp;&nbsp;}</span></code></li>
<li class="selected"><code><span style="color: var(--highlight-keyword)">&nbsp;&nbsp;&nbsp;&nbsp;&nbsp;&nbsp;&nbsp;&nbsp;&nbsp;&nbsp;&nbsp;&nbsp;</span><span style="color: var(--highlight-default)">$listener</span><span style="color: var(--highlight-keyword)">(</span><span style="color: var(--highlight-default)">$event</span><span style="color: var(--highlight-keyword)">,&nbsp;</span><span style="color: var(--highlight-default)">$eventName</span><span style="color: var(--highlight-keyword)">,&nbsp;</span><span style="color: var(--highlight-default)">$this</span><span style="color: var(--highlight-keyword)">);</span></code></li>
<li><code><span style="color: var(--highlight-keyword)">&nbsp;&nbsp;&nbsp;&nbsp;&nbsp;&nbsp;&nbsp;&nbsp;}</span></code></li>
<li><code><span style="color: var(--highlight-keyword)">&nbsp;&nbsp;&nbsp;&nbsp;}</span></code></li>
<li><code><span style="color: var(--highlight-keyword)"></span></code></li>
<li><code><span style="color: var(--highlight-keyword)">&nbsp;&nbsp;&nbsp;&nbsp;</span><span style="color: var(--highlight-comment)">/**</span></code></li>
<li><code><span style="color: var(--highlight-comment)">&nbsp;&nbsp;&nbsp;&nbsp;&nbsp;*&nbsp;Sorts&nbsp;the&nbsp;internal&nbsp;list&nbsp;of&nbsp;listeners&nbsp;for&nbsp;the&nbsp;given&nbsp;event&nbsp;by&nbsp;priority.</span></code></li></ol>    </div>            </div>
                        <div class="trace-line ">
                <div class="trace-line-header break-long-words sf-toggle" data-toggle-selector="#trace-html-1-6" data-toggle-initial="">
            <span class="icon icon-close"><svg width="1792" height="1792" viewBox="0 0 1792 1792" xmlns="http://www.w3.org/2000/svg"><path d="M1408 960V832q0-26-19-45t-45-19H448q-26 0-45 19t-19 45v128q0 26 19 45t45 19h896q26 0 45-19t19-45zm256-544v960q0 119-84.5 203.5T1376 1664H416q-119 0-203.5-84.5T128 1376V416q0-119 84.5-203.5T416 128h960q119 0 203.5 84.5T1664 416z"/></svg></span>
        <span class="icon icon-open"><svg width="1792" height="1792" viewBox="0 0 1792 1792" xmlns="http://www.w3.org/2000/svg"><path d="M1408 960V832q0-26-19-45t-45-19h-320V448q0-26-19-45t-45-19H832q-26 0-45 19t-19 45v320H448q-26 0-45 19t-19 45v128q0 26 19 45t45 19h320v320q0 26 19 45t45 19h128q26 0 45-19t19-45v-320h320q26 0 45-19t19-45zm256-544v960q0 119-84.5 203.5T1376 1664H416q-119 0-203.5-84.5T128 1376V416q0-119 84.5-203.5T416 128h960q119 0 203.5 84.5T1664 416z"/></svg></span>
    
            <span class="trace-class"><abbr title="Symfony\Component\EventDispatcher\EventDispatcher">EventDispatcher</abbr></span><span class="trace-type">-></span><span class="trace-method">callListeners</span><span class="trace-arguments">(<em>array</em>(<em>object</em>(<abbr title="Symfony\Component\EventDispatcher\Debug\WrappedListener">WrappedListener</abbr>), <em>object</em>(<abbr title="Symfony\Component\EventDispatcher\Debug\WrappedListener">WrappedListener</abbr>), <em>object</em>(<abbr title="Symfony\Component\EventDispatcher\Debug\WrappedListener">WrappedListener</abbr>), <em>object</em>(<abbr title="Symfony\Component\EventDispatcher\Debug\WrappedListener">WrappedListener</abbr>)), 'kernel.controller', <em>object</em>(<abbr title="Symfony\Component\HttpKernel\Event\ControllerEvent">ControllerEvent</abbr>))</span>    
                    <span class="block trace-file-path">
            in
            <a href="">
                C:\Users\user\OneDrive - ESPRIT\Bureau\pidev1\vendor\symfony\event-dispatcher\<strong>EventDispatcher.php</strong>
            </a>
                        (line 59)
            <span class="icon icon-copy hidden" data-clipboard-text="C:\Users\user\OneDrive - ESPRIT\Bureau\pidev1\vendor\symfony\event-dispatcher\EventDispatcher.php:59">
                <svg xmlns="http://www.w3.org/2000/svg" height="24" viewBox="0 0 24 24" width="24"><path d="M0 0h24v24H0z" fill="none"/><path d="M16 1H4c-1.1 0-2 .9-2 2v14h2V3h12V1zm3 4H8c-1.1 0-2 .9-2 2v14c0 1.1.9 2 2 2h11c1.1 0 2-.9 2-2V7c0-1.1-.9-2-2-2zm0 16H8V7h11v14z"/></svg>            </span>
        </span>
    </div>
    <div id="trace-html-1-6" class="trace-code sf-toggle-content">
        <ol start="54"><li><code><span style="color: var(--highlight-keyword)">&nbsp;&nbsp;&nbsp;&nbsp;&nbsp;&nbsp;&nbsp;&nbsp;}&nbsp;else&nbsp;{</span></code></li>
<li><code><span style="color: var(--highlight-keyword)">&nbsp;&nbsp;&nbsp;&nbsp;&nbsp;&nbsp;&nbsp;&nbsp;&nbsp;&nbsp;&nbsp;&nbsp;</span><span style="color: var(--highlight-default)">$listeners&nbsp;</span><span style="color: var(--highlight-keyword)">=&nbsp;</span><span style="color: var(--highlight-default)">$this</span><span style="color: var(--highlight-keyword)">-&gt;</span><span style="color: var(--highlight-default)">getListeners</span><span style="color: var(--highlight-keyword)">(</span><span style="color: var(--highlight-default)">$eventName</span><span style="color: var(--highlight-keyword)">);</span></code></li>
<li><code><span style="color: var(--highlight-keyword)">&nbsp;&nbsp;&nbsp;&nbsp;&nbsp;&nbsp;&nbsp;&nbsp;}</span></code></li>
<li><code><span style="color: var(--highlight-keyword)"></span></code></li>
<li><code><span style="color: var(--highlight-keyword)">&nbsp;&nbsp;&nbsp;&nbsp;&nbsp;&nbsp;&nbsp;&nbsp;if&nbsp;(</span><span style="color: var(--highlight-default)">$listeners</span><span style="color: var(--highlight-keyword)">)&nbsp;{</span></code></li>
<li class="selected"><code><span style="color: var(--highlight-keyword)">&nbsp;&nbsp;&nbsp;&nbsp;&nbsp;&nbsp;&nbsp;&nbsp;&nbsp;&nbsp;&nbsp;&nbsp;</span><span style="color: var(--highlight-default)">$this</span><span style="color: var(--highlight-keyword)">-&gt;</span><span style="color: var(--highlight-default)">callListeners</span><span style="color: var(--highlight-keyword)">(</span><span style="color: var(--highlight-default)">$listeners</span><span style="color: var(--highlight-keyword)">,&nbsp;</span><span style="color: var(--highlight-default)">$eventName</span><span style="color: var(--highlight-keyword)">,&nbsp;</span><span style="color: var(--highlight-default)">$event</span><span style="color: var(--highlight-keyword)">);</span></code></li>
<li><code><span style="color: var(--highlight-keyword)">&nbsp;&nbsp;&nbsp;&nbsp;&nbsp;&nbsp;&nbsp;&nbsp;}</span></code></li>
<li><code><span style="color: var(--highlight-keyword)"></span></code></li>
<li><code><span style="color: var(--highlight-keyword)">&nbsp;&nbsp;&nbsp;&nbsp;&nbsp;&nbsp;&nbsp;&nbsp;return&nbsp;</span><span style="color: var(--highlight-default)">$event</span><span style="color: var(--highlight-keyword)">;</span></code></li>
<li><code><span style="color: var(--highlight-keyword)">&nbsp;&nbsp;&nbsp;&nbsp;}</span></code></li>
<li><code><span style="color: var(--highlight-keyword)"></span></code></li></ol>    </div>            </div>
                        <div class="trace-line ">
                <div class="trace-line-header break-long-words sf-toggle" data-toggle-selector="#trace-html-1-7" data-toggle-initial="">
            <span class="icon icon-close"><svg width="1792" height="1792" viewBox="0 0 1792 1792" xmlns="http://www.w3.org/2000/svg"><path d="M1408 960V832q0-26-19-45t-45-19H448q-26 0-45 19t-19 45v128q0 26 19 45t45 19h896q26 0 45-19t19-45zm256-544v960q0 119-84.5 203.5T1376 1664H416q-119 0-203.5-84.5T128 1376V416q0-119 84.5-203.5T416 128h960q119 0 203.5 84.5T1664 416z"/></svg></span>
        <span class="icon icon-open"><svg width="1792" height="1792" viewBox="0 0 1792 1792" xmlns="http://www.w3.org/2000/svg"><path d="M1408 960V832q0-26-19-45t-45-19h-320V448q0-26-19-45t-45-19H832q-26 0-45 19t-19 45v320H448q-26 0-45 19t-19 45v128q0 26 19 45t45 19h320v320q0 26 19 45t45 19h128q26 0 45-19t19-45v-320h320q26 0 45-19t19-45zm256-544v960q0 119-84.5 203.5T1376 1664H416q-119 0-203.5-84.5T128 1376V416q0-119 84.5-203.5T416 128h960q119 0 203.5 84.5T1664 416z"/></svg></span>
    
            <span class="trace-class"><abbr title="Symfony\Component\EventDispatcher\EventDispatcher">EventDispatcher</abbr></span><span class="trace-type">-></span><span class="trace-method">dispatch</span><span class="trace-arguments">(<em>object</em>(<abbr title="Symfony\Component\HttpKernel\Event\ControllerEvent">ControllerEvent</abbr>), 'kernel.controller')</span>    
                    <span class="block trace-file-path">
            in
            <a href="">
                C:\Users\user\OneDrive - ESPRIT\Bureau\pidev1\vendor\symfony\event-dispatcher\Debug\<strong>TraceableEventDispatcher.php</strong>
            </a>
                        (line 154)
            <span class="icon icon-copy hidden" data-clipboard-text="C:\Users\user\OneDrive - ESPRIT\Bureau\pidev1\vendor\symfony\event-dispatcher\Debug\TraceableEventDispatcher.php:154">
                <svg xmlns="http://www.w3.org/2000/svg" height="24" viewBox="0 0 24 24" width="24"><path d="M0 0h24v24H0z" fill="none"/><path d="M16 1H4c-1.1 0-2 .9-2 2v14h2V3h12V1zm3 4H8c-1.1 0-2 .9-2 2v14c0 1.1.9 2 2 2h11c1.1 0 2-.9 2-2V7c0-1.1-.9-2-2-2zm0 16H8V7h11v14z"/></svg>            </span>
        </span>
    </div>
    <div id="trace-html-1-7" class="trace-code sf-toggle-content">
        <ol start="149"><li><code><span style="color: var(--highlight-keyword)">&nbsp;&nbsp;&nbsp;&nbsp;&nbsp;&nbsp;&nbsp;&nbsp;try&nbsp;{</span></code></li>
<li><code><span style="color: var(--highlight-keyword)">&nbsp;&nbsp;&nbsp;&nbsp;&nbsp;&nbsp;&nbsp;&nbsp;&nbsp;&nbsp;&nbsp;&nbsp;</span><span style="color: var(--highlight-default)">$this</span><span style="color: var(--highlight-keyword)">-&gt;</span><span style="color: var(--highlight-default)">beforeDispatch</span><span style="color: var(--highlight-keyword)">(</span><span style="color: var(--highlight-default)">$eventName</span><span style="color: var(--highlight-keyword)">,&nbsp;</span><span style="color: var(--highlight-default)">$event</span><span style="color: var(--highlight-keyword)">);</span></code></li>
<li><code><span style="color: var(--highlight-keyword)">&nbsp;&nbsp;&nbsp;&nbsp;&nbsp;&nbsp;&nbsp;&nbsp;&nbsp;&nbsp;&nbsp;&nbsp;try&nbsp;{</span></code></li>
<li><code><span style="color: var(--highlight-keyword)">&nbsp;&nbsp;&nbsp;&nbsp;&nbsp;&nbsp;&nbsp;&nbsp;&nbsp;&nbsp;&nbsp;&nbsp;&nbsp;&nbsp;&nbsp;&nbsp;</span><span style="color: var(--highlight-default)">$e&nbsp;</span><span style="color: var(--highlight-keyword)">=&nbsp;</span><span style="color: var(--highlight-default)">$this</span><span style="color: var(--highlight-keyword)">-&gt;</span><span style="color: var(--highlight-default)">stopwatch</span><span style="color: var(--highlight-keyword)">-&gt;</span><span style="color: var(--highlight-default)">start</span><span style="color: var(--highlight-keyword)">(</span><span style="color: var(--highlight-default)">$eventName</span><span style="color: var(--highlight-keyword)">,&nbsp;</span><span style="color: var(--highlight-string)">'section'</span><span style="color: var(--highlight-keyword)">);</span></code></li>
<li><code><span style="color: var(--highlight-keyword)">&nbsp;&nbsp;&nbsp;&nbsp;&nbsp;&nbsp;&nbsp;&nbsp;&nbsp;&nbsp;&nbsp;&nbsp;&nbsp;&nbsp;&nbsp;&nbsp;try&nbsp;{</span></code></li>
<li class="selected"><code><span style="color: var(--highlight-keyword)">&nbsp;&nbsp;&nbsp;&nbsp;&nbsp;&nbsp;&nbsp;&nbsp;&nbsp;&nbsp;&nbsp;&nbsp;&nbsp;&nbsp;&nbsp;&nbsp;&nbsp;&nbsp;&nbsp;&nbsp;</span><span style="color: var(--highlight-default)">$this</span><span style="color: var(--highlight-keyword)">-&gt;</span><span style="color: var(--highlight-default)">dispatcher</span><span style="color: var(--highlight-keyword)">-&gt;</span><span style="color: var(--highlight-default)">dispatch</span><span style="color: var(--highlight-keyword)">(</span><span style="color: var(--highlight-default)">$event</span><span style="color: var(--highlight-keyword)">,&nbsp;</span><span style="color: var(--highlight-default)">$eventName</span><span style="color: var(--highlight-keyword)">);</span></code></li>
<li><code><span style="color: var(--highlight-keyword)">&nbsp;&nbsp;&nbsp;&nbsp;&nbsp;&nbsp;&nbsp;&nbsp;&nbsp;&nbsp;&nbsp;&nbsp;&nbsp;&nbsp;&nbsp;&nbsp;}&nbsp;finally&nbsp;{</span></code></li>
<li><code><span style="color: var(--highlight-keyword)">&nbsp;&nbsp;&nbsp;&nbsp;&nbsp;&nbsp;&nbsp;&nbsp;&nbsp;&nbsp;&nbsp;&nbsp;&nbsp;&nbsp;&nbsp;&nbsp;&nbsp;&nbsp;&nbsp;&nbsp;if&nbsp;(</span><span style="color: var(--highlight-default)">$e</span><span style="color: var(--highlight-keyword)">-&gt;</span><span style="color: var(--highlight-default)">isStarted</span><span style="color: var(--highlight-keyword)">())&nbsp;{</span></code></li>
<li><code><span style="color: var(--highlight-keyword)">&nbsp;&nbsp;&nbsp;&nbsp;&nbsp;&nbsp;&nbsp;&nbsp;&nbsp;&nbsp;&nbsp;&nbsp;&nbsp;&nbsp;&nbsp;&nbsp;&nbsp;&nbsp;&nbsp;&nbsp;&nbsp;&nbsp;&nbsp;&nbsp;</span><span style="color: var(--highlight-default)">$e</span><span style="color: var(--highlight-keyword)">-&gt;</span><span style="color: var(--highlight-default)">stop</span><span style="color: var(--highlight-keyword)">();</span></code></li>
<li><code><span style="color: var(--highlight-keyword)">&nbsp;&nbsp;&nbsp;&nbsp;&nbsp;&nbsp;&nbsp;&nbsp;&nbsp;&nbsp;&nbsp;&nbsp;&nbsp;&nbsp;&nbsp;&nbsp;&nbsp;&nbsp;&nbsp;&nbsp;}</span></code></li>
<li><code><span style="color: var(--highlight-keyword)">&nbsp;&nbsp;&nbsp;&nbsp;&nbsp;&nbsp;&nbsp;&nbsp;&nbsp;&nbsp;&nbsp;&nbsp;&nbsp;&nbsp;&nbsp;&nbsp;}</span></code></li></ol>    </div>            </div>
                        <div class="trace-line ">
                <div class="trace-line-header break-long-words sf-toggle" data-toggle-selector="#trace-html-1-8" data-toggle-initial="">
            <span class="icon icon-close"><svg width="1792" height="1792" viewBox="0 0 1792 1792" xmlns="http://www.w3.org/2000/svg"><path d="M1408 960V832q0-26-19-45t-45-19H448q-26 0-45 19t-19 45v128q0 26 19 45t45 19h896q26 0 45-19t19-45zm256-544v960q0 119-84.5 203.5T1376 1664H416q-119 0-203.5-84.5T128 1376V416q0-119 84.5-203.5T416 128h960q119 0 203.5 84.5T1664 416z"/></svg></span>
        <span class="icon icon-open"><svg width="1792" height="1792" viewBox="0 0 1792 1792" xmlns="http://www.w3.org/2000/svg"><path d="M1408 960V832q0-26-19-45t-45-19h-320V448q0-26-19-45t-45-19H832q-26 0-45 19t-19 45v320H448q-26 0-45 19t-19 45v128q0 26 19 45t45 19h320v320q0 26 19 45t45 19h128q26 0 45-19t19-45v-320h320q26 0 45-19t19-45zm256-544v960q0 119-84.5 203.5T1376 1664H416q-119 0-203.5-84.5T128 1376V416q0-119 84.5-203.5T416 128h960q119 0 203.5 84.5T1664 416z"/></svg></span>
    
            <span class="trace-class"><abbr title="Symfony\Component\EventDispatcher\Debug\TraceableEventDispatcher">TraceableEventDispatcher</abbr></span><span class="trace-type">-></span><span class="trace-method">dispatch</span><span class="trace-arguments">(<em>object</em>(<abbr title="Symfony\Component\HttpKernel\Event\ControllerEvent">ControllerEvent</abbr>), 'kernel.controller')</span>    
                    <span class="block trace-file-path">
            in
            <a href="">
                C:\Users\user\OneDrive - ESPRIT\Bureau\pidev1\vendor\symfony\http-kernel\<strong>HttpKernel.php</strong>
            </a>
                        (line 151)
            <span class="icon icon-copy hidden" data-clipboard-text="C:\Users\user\OneDrive - ESPRIT\Bureau\pidev1\vendor\symfony\http-kernel\HttpKernel.php:151">
                <svg xmlns="http://www.w3.org/2000/svg" height="24" viewBox="0 0 24 24" width="24"><path d="M0 0h24v24H0z" fill="none"/><path d="M16 1H4c-1.1 0-2 .9-2 2v14h2V3h12V1zm3 4H8c-1.1 0-2 .9-2 2v14c0 1.1.9 2 2 2h11c1.1 0 2-.9 2-2V7c0-1.1-.9-2-2-2zm0 16H8V7h11v14z"/></svg>            </span>
        </span>
    </div>
    <div id="trace-html-1-8" class="trace-code sf-toggle-content">
        <ol start="146"><li><code><span style="color: var(--highlight-comment)">&nbsp;&nbsp;&nbsp;&nbsp;&nbsp;&nbsp;&nbsp;&nbsp;</span><span style="color: var(--highlight-keyword)">if&nbsp;(</span><span style="color: var(--highlight-default)">false&nbsp;</span><span style="color: var(--highlight-keyword)">===&nbsp;</span><span style="color: var(--highlight-default)">$controller&nbsp;</span><span style="color: var(--highlight-keyword)">=&nbsp;</span><span style="color: var(--highlight-default)">$this</span><span style="color: var(--highlight-keyword)">-&gt;</span><span style="color: var(--highlight-default)">resolver</span><span style="color: var(--highlight-keyword)">-&gt;</span><span style="color: var(--highlight-default)">getController</span><span style="color: var(--highlight-keyword)">(</span><span style="color: var(--highlight-default)">$request</span><span style="color: var(--highlight-keyword)">))&nbsp;{</span></code></li>
<li><code><span style="color: var(--highlight-keyword)">&nbsp;&nbsp;&nbsp;&nbsp;&nbsp;&nbsp;&nbsp;&nbsp;&nbsp;&nbsp;&nbsp;&nbsp;throw&nbsp;new&nbsp;</span><span style="color: var(--highlight-default)">NotFoundHttpException</span><span style="color: var(--highlight-keyword)">(</span><span style="color: var(--highlight-default)">sprintf</span><span style="color: var(--highlight-keyword)">(</span><span style="color: var(--highlight-string)">'Unable&nbsp;to&nbsp;find&nbsp;the&nbsp;controller&nbsp;for&nbsp;path&nbsp;"%s".&nbsp;The&nbsp;route&nbsp;is&nbsp;wrongly&nbsp;configured.'</span><span style="color: var(--highlight-keyword)">,&nbsp;</span><span style="color: var(--highlight-default)">$request</span><span style="color: var(--highlight-keyword)">-&gt;</span><span style="color: var(--highlight-default)">getPathInfo</span><span style="color: var(--highlight-keyword)">()));</span></code></li>
<li><code><span style="color: var(--highlight-keyword)">&nbsp;&nbsp;&nbsp;&nbsp;&nbsp;&nbsp;&nbsp;&nbsp;}</span></code></li>
<li><code><span style="color: var(--highlight-keyword)"></span></code></li>
<li><code><span style="color: var(--highlight-keyword)">&nbsp;&nbsp;&nbsp;&nbsp;&nbsp;&nbsp;&nbsp;&nbsp;</span><span style="color: var(--highlight-default)">$event&nbsp;</span><span style="color: var(--highlight-keyword)">=&nbsp;new&nbsp;</span><span style="color: var(--highlight-default)">ControllerEvent</span><span style="color: var(--highlight-keyword)">(</span><span style="color: var(--highlight-default)">$this</span><span style="color: var(--highlight-keyword)">,&nbsp;</span><span style="color: var(--highlight-default)">$controller</span><span style="color: var(--highlight-keyword)">,&nbsp;</span><span style="color: var(--highlight-default)">$request</span><span style="color: var(--highlight-keyword)">,&nbsp;</span><span style="color: var(--highlight-default)">$type</span><span style="color: var(--highlight-keyword)">);</span></code></li>
<li class="selected"><code><span style="color: var(--highlight-keyword)">&nbsp;&nbsp;&nbsp;&nbsp;&nbsp;&nbsp;&nbsp;&nbsp;</span><span style="color: var(--highlight-default)">$this</span><span style="color: var(--highlight-keyword)">-&gt;</span><span style="color: var(--highlight-default)">dispatcher</span><span style="color: var(--highlight-keyword)">-&gt;</span><span style="color: var(--highlight-default)">dispatch</span><span style="color: var(--highlight-keyword)">(</span><span style="color: var(--highlight-default)">$event</span><span style="color: var(--highlight-keyword)">,&nbsp;</span><span style="color: var(--highlight-default)">KernelEvents</span><span style="color: var(--highlight-keyword)">::</span><span style="color: var(--highlight-default)">CONTROLLER</span><span style="color: var(--highlight-keyword)">);</span></code></li>
<li><code><span style="color: var(--highlight-keyword)">&nbsp;&nbsp;&nbsp;&nbsp;&nbsp;&nbsp;&nbsp;&nbsp;</span><span style="color: var(--highlight-default)">$controller&nbsp;</span><span style="color: var(--highlight-keyword)">=&nbsp;</span><span style="color: var(--highlight-default)">$event</span><span style="color: var(--highlight-keyword)">-&gt;</span><span style="color: var(--highlight-default)">getController</span><span style="color: var(--highlight-keyword)">();</span></code></li>
<li><code><span style="color: var(--highlight-keyword)"></span></code></li>
<li><code><span style="color: var(--highlight-keyword)">&nbsp;&nbsp;&nbsp;&nbsp;&nbsp;&nbsp;&nbsp;&nbsp;</span><span style="color: var(--highlight-comment)">//&nbsp;controller&nbsp;arguments</span></code></li>
<li><code><span style="color: var(--highlight-comment)">&nbsp;&nbsp;&nbsp;&nbsp;&nbsp;&nbsp;&nbsp;&nbsp;</span><span style="color: var(--highlight-default)">$arguments&nbsp;</span><span style="color: var(--highlight-keyword)">=&nbsp;</span><span style="color: var(--highlight-default)">$this</span><span style="color: var(--highlight-keyword)">-&gt;</span><span style="color: var(--highlight-default)">argumentResolver</span><span style="color: var(--highlight-keyword)">-&gt;</span><span style="color: var(--highlight-default)">getArguments</span><span style="color: var(--highlight-keyword)">(</span><span style="color: var(--highlight-default)">$request</span><span style="color: var(--highlight-keyword)">,&nbsp;</span><span style="color: var(--highlight-default)">$controller</span><span style="color: var(--highlight-keyword)">);</span></code></li>
<li><code><span style="color: var(--highlight-keyword)"></span></code></li></ol>    </div>            </div>
                        <div class="trace-line ">
                <div class="trace-line-header break-long-words sf-toggle" data-toggle-selector="#trace-html-1-9" data-toggle-initial="">
            <span class="icon icon-close"><svg width="1792" height="1792" viewBox="0 0 1792 1792" xmlns="http://www.w3.org/2000/svg"><path d="M1408 960V832q0-26-19-45t-45-19H448q-26 0-45 19t-19 45v128q0 26 19 45t45 19h896q26 0 45-19t19-45zm256-544v960q0 119-84.5 203.5T1376 1664H416q-119 0-203.5-84.5T128 1376V416q0-119 84.5-203.5T416 128h960q119 0 203.5 84.5T1664 416z"/></svg></span>
        <span class="icon icon-open"><svg width="1792" height="1792" viewBox="0 0 1792 1792" xmlns="http://www.w3.org/2000/svg"><path d="M1408 960V832q0-26-19-45t-45-19h-320V448q0-26-19-45t-45-19H832q-26 0-45 19t-19 45v320H448q-26 0-45 19t-19 45v128q0 26 19 45t45 19h320v320q0 26 19 45t45 19h128q26 0 45-19t19-45v-320h320q26 0 45-19t19-45zm256-544v960q0 119-84.5 203.5T1376 1664H416q-119 0-203.5-84.5T128 1376V416q0-119 84.5-203.5T416 128h960q119 0 203.5 84.5T1664 416z"/></svg></span>
    
            <span class="trace-class"><abbr title="Symfony\Component\HttpKernel\HttpKernel">HttpKernel</abbr></span><span class="trace-type">-></span><span class="trace-method">handleRaw</span><span class="trace-arguments">(<em>object</em>(<abbr title="Symfony\Component\HttpFoundation\Request">Request</abbr>), 1)</span>    
                    <span class="block trace-file-path">
            in
            <a href="">
                C:\Users\user\OneDrive - ESPRIT\Bureau\pidev1\vendor\symfony\http-kernel\<strong>HttpKernel.php</strong>
            </a>
                        (line 75)
            <span class="icon icon-copy hidden" data-clipboard-text="C:\Users\user\OneDrive - ESPRIT\Bureau\pidev1\vendor\symfony\http-kernel\HttpKernel.php:75">
                <svg xmlns="http://www.w3.org/2000/svg" height="24" viewBox="0 0 24 24" width="24"><path d="M0 0h24v24H0z" fill="none"/><path d="M16 1H4c-1.1 0-2 .9-2 2v14h2V3h12V1zm3 4H8c-1.1 0-2 .9-2 2v14c0 1.1.9 2 2 2h11c1.1 0 2-.9 2-2V7c0-1.1-.9-2-2-2zm0 16H8V7h11v14z"/></svg>            </span>
        </span>
    </div>
    <div id="trace-html-1-9" class="trace-code sf-toggle-content">
        <ol start="70"><li><code><span style="color: var(--highlight-keyword)">&nbsp;&nbsp;&nbsp;&nbsp;{</span></code></li>
<li><code><span style="color: var(--highlight-keyword)">&nbsp;&nbsp;&nbsp;&nbsp;&nbsp;&nbsp;&nbsp;&nbsp;</span><span style="color: var(--highlight-default)">$request</span><span style="color: var(--highlight-keyword)">-&gt;</span><span style="color: var(--highlight-default)">headers</span><span style="color: var(--highlight-keyword)">-&gt;</span><span style="color: var(--highlight-default)">set</span><span style="color: var(--highlight-keyword)">(</span><span style="color: var(--highlight-string)">'X-Php-Ob-Level'</span><span style="color: var(--highlight-keyword)">,&nbsp;(string)&nbsp;</span><span style="color: var(--highlight-default)">ob_get_level</span><span style="color: var(--highlight-keyword)">());</span></code></li>
<li><code><span style="color: var(--highlight-keyword)"></span></code></li>
<li><code><span style="color: var(--highlight-keyword)">&nbsp;&nbsp;&nbsp;&nbsp;&nbsp;&nbsp;&nbsp;&nbsp;</span><span style="color: var(--highlight-default)">$this</span><span style="color: var(--highlight-keyword)">-&gt;</span><span style="color: var(--highlight-default)">requestStack</span><span style="color: var(--highlight-keyword)">-&gt;</span><span style="color: var(--highlight-default)">push</span><span style="color: var(--highlight-keyword)">(</span><span style="color: var(--highlight-default)">$request</span><span style="color: var(--highlight-keyword)">);</span></code></li>
<li><code><span style="color: var(--highlight-keyword)">&nbsp;&nbsp;&nbsp;&nbsp;&nbsp;&nbsp;&nbsp;&nbsp;try&nbsp;{</span></code></li>
<li class="selected"><code><span style="color: var(--highlight-keyword)">&nbsp;&nbsp;&nbsp;&nbsp;&nbsp;&nbsp;&nbsp;&nbsp;&nbsp;&nbsp;&nbsp;&nbsp;return&nbsp;</span><span style="color: var(--highlight-default)">$this</span><span style="color: var(--highlight-keyword)">-&gt;</span><span style="color: var(--highlight-default)">handleRaw</span><span style="color: var(--highlight-keyword)">(</span><span style="color: var(--highlight-default)">$request</span><span style="color: var(--highlight-keyword)">,&nbsp;</span><span style="color: var(--highlight-default)">$type</span><span style="color: var(--highlight-keyword)">);</span></code></li>
<li><code><span style="color: var(--highlight-keyword)">&nbsp;&nbsp;&nbsp;&nbsp;&nbsp;&nbsp;&nbsp;&nbsp;}&nbsp;catch&nbsp;(</span><span style="color: var(--highlight-default)">\Exception&nbsp;$e</span><span style="color: var(--highlight-keyword)">)&nbsp;{</span></code></li>
<li><code><span style="color: var(--highlight-keyword)">&nbsp;&nbsp;&nbsp;&nbsp;&nbsp;&nbsp;&nbsp;&nbsp;&nbsp;&nbsp;&nbsp;&nbsp;if&nbsp;(</span><span style="color: var(--highlight-default)">$e&nbsp;</span><span style="color: var(--highlight-keyword)">instanceof&nbsp;</span><span style="color: var(--highlight-default)">RequestExceptionInterface</span><span style="color: var(--highlight-keyword)">)&nbsp;{</span></code></li>
<li><code><span style="color: var(--highlight-keyword)">&nbsp;&nbsp;&nbsp;&nbsp;&nbsp;&nbsp;&nbsp;&nbsp;&nbsp;&nbsp;&nbsp;&nbsp;&nbsp;&nbsp;&nbsp;&nbsp;</span><span style="color: var(--highlight-default)">$e&nbsp;</span><span style="color: var(--highlight-keyword)">=&nbsp;new&nbsp;</span><span style="color: var(--highlight-default)">BadRequestHttpException</span><span style="color: var(--highlight-keyword)">(</span><span style="color: var(--highlight-default)">$e</span><span style="color: var(--highlight-keyword)">-&gt;</span><span style="color: var(--highlight-default)">getMessage</span><span style="color: var(--highlight-keyword)">(),&nbsp;</span><span style="color: var(--highlight-default)">$e</span><span style="color: var(--highlight-keyword)">);</span></code></li>
<li><code><span style="color: var(--highlight-keyword)">&nbsp;&nbsp;&nbsp;&nbsp;&nbsp;&nbsp;&nbsp;&nbsp;&nbsp;&nbsp;&nbsp;&nbsp;}</span></code></li>
<li><code><span style="color: var(--highlight-keyword)">&nbsp;&nbsp;&nbsp;&nbsp;&nbsp;&nbsp;&nbsp;&nbsp;&nbsp;&nbsp;&nbsp;&nbsp;if&nbsp;(</span><span style="color: var(--highlight-default)">false&nbsp;</span><span style="color: var(--highlight-keyword)">===&nbsp;</span><span style="color: var(--highlight-default)">$catch</span><span style="color: var(--highlight-keyword)">)&nbsp;{</span></code></li></ol>    </div>            </div>
                        <div class="trace-line ">
                <div class="trace-line-header break-long-words sf-toggle" data-toggle-selector="#trace-html-1-10" data-toggle-initial="">
            <span class="icon icon-close"><svg width="1792" height="1792" viewBox="0 0 1792 1792" xmlns="http://www.w3.org/2000/svg"><path d="M1408 960V832q0-26-19-45t-45-19H448q-26 0-45 19t-19 45v128q0 26 19 45t45 19h896q26 0 45-19t19-45zm256-544v960q0 119-84.5 203.5T1376 1664H416q-119 0-203.5-84.5T128 1376V416q0-119 84.5-203.5T416 128h960q119 0 203.5 84.5T1664 416z"/></svg></span>
        <span class="icon icon-open"><svg width="1792" height="1792" viewBox="0 0 1792 1792" xmlns="http://www.w3.org/2000/svg"><path d="M1408 960V832q0-26-19-45t-45-19h-320V448q0-26-19-45t-45-19H832q-26 0-45 19t-19 45v320H448q-26 0-45 19t-19 45v128q0 26 19 45t45 19h320v320q0 26 19 45t45 19h128q26 0 45-19t19-45v-320h320q26 0 45-19t19-45zm256-544v960q0 119-84.5 203.5T1376 1664H416q-119 0-203.5-84.5T128 1376V416q0-119 84.5-203.5T416 128h960q119 0 203.5 84.5T1664 416z"/></svg></span>
    
            <span class="trace-class"><abbr title="Symfony\Component\HttpKernel\HttpKernel">HttpKernel</abbr></span><span class="trace-type">-></span><span class="trace-method">handle</span><span class="trace-arguments">(<em>object</em>(<abbr title="Symfony\Component\HttpFoundation\Request">Request</abbr>), 1, <em>true</em>)</span>    
                    <span class="block trace-file-path">
            in
            <a href="">
                C:\Users\user\OneDrive - ESPRIT\Bureau\pidev1\vendor\symfony\http-kernel\<strong>Kernel.php</strong>
            </a>
                        (line 202)
            <span class="icon icon-copy hidden" data-clipboard-text="C:\Users\user\OneDrive - ESPRIT\Bureau\pidev1\vendor\symfony\http-kernel\Kernel.php:202">
                <svg xmlns="http://www.w3.org/2000/svg" height="24" viewBox="0 0 24 24" width="24"><path d="M0 0h24v24H0z" fill="none"/><path d="M16 1H4c-1.1 0-2 .9-2 2v14h2V3h12V1zm3 4H8c-1.1 0-2 .9-2 2v14c0 1.1.9 2 2 2h11c1.1 0 2-.9 2-2V7c0-1.1-.9-2-2-2zm0 16H8V7h11v14z"/></svg>            </span>
        </span>
    </div>
    <div id="trace-html-1-10" class="trace-code sf-toggle-content">
        <ol start="197"><li><code><span style="color: var(--highlight-keyword)">&nbsp;&nbsp;&nbsp;&nbsp;&nbsp;&nbsp;&nbsp;&nbsp;</span><span style="color: var(--highlight-default)">$this</span><span style="color: var(--highlight-keyword)">-&gt;</span><span style="color: var(--highlight-default)">boot</span><span style="color: var(--highlight-keyword)">();</span></code></li>
<li><code><span style="color: var(--highlight-keyword)">&nbsp;&nbsp;&nbsp;&nbsp;&nbsp;&nbsp;&nbsp;&nbsp;++</span><span style="color: var(--highlight-default)">$this</span><span style="color: var(--highlight-keyword)">-&gt;</span><span style="color: var(--highlight-default)">requestStackSize</span><span style="color: var(--highlight-keyword)">;</span></code></li>
<li><code><span style="color: var(--highlight-keyword)">&nbsp;&nbsp;&nbsp;&nbsp;&nbsp;&nbsp;&nbsp;&nbsp;</span><span style="color: var(--highlight-default)">$this</span><span style="color: var(--highlight-keyword)">-&gt;</span><span style="color: var(--highlight-default)">resetServices&nbsp;</span><span style="color: var(--highlight-keyword)">=&nbsp;</span><span style="color: var(--highlight-default)">true</span><span style="color: var(--highlight-keyword)">;</span></code></li>
<li><code><span style="color: var(--highlight-keyword)"></span></code></li>
<li><code><span style="color: var(--highlight-keyword)">&nbsp;&nbsp;&nbsp;&nbsp;&nbsp;&nbsp;&nbsp;&nbsp;try&nbsp;{</span></code></li>
<li class="selected"><code><span style="color: var(--highlight-keyword)">&nbsp;&nbsp;&nbsp;&nbsp;&nbsp;&nbsp;&nbsp;&nbsp;&nbsp;&nbsp;&nbsp;&nbsp;return&nbsp;</span><span style="color: var(--highlight-default)">$this</span><span style="color: var(--highlight-keyword)">-&gt;</span><span style="color: var(--highlight-default)">getHttpKernel</span><span style="color: var(--highlight-keyword)">()-&gt;</span><span style="color: var(--highlight-default)">handle</span><span style="color: var(--highlight-keyword)">(</span><span style="color: var(--highlight-default)">$request</span><span style="color: var(--highlight-keyword)">,&nbsp;</span><span style="color: var(--highlight-default)">$type</span><span style="color: var(--highlight-keyword)">,&nbsp;</span><span style="color: var(--highlight-default)">$catch</span><span style="color: var(--highlight-keyword)">);</span></code></li>
<li><code><span style="color: var(--highlight-keyword)">&nbsp;&nbsp;&nbsp;&nbsp;&nbsp;&nbsp;&nbsp;&nbsp;}&nbsp;finally&nbsp;{</span></code></li>
<li><code><span style="color: var(--highlight-keyword)">&nbsp;&nbsp;&nbsp;&nbsp;&nbsp;&nbsp;&nbsp;&nbsp;&nbsp;&nbsp;&nbsp;&nbsp;--</span><span style="color: var(--highlight-default)">$this</span><span style="color: var(--highlight-keyword)">-&gt;</span><span style="color: var(--highlight-default)">requestStackSize</span><span style="color: var(--highlight-keyword)">;</span></code></li>
<li><code><span style="color: var(--highlight-keyword)">&nbsp;&nbsp;&nbsp;&nbsp;&nbsp;&nbsp;&nbsp;&nbsp;}</span></code></li>
<li><code><span style="color: var(--highlight-keyword)">&nbsp;&nbsp;&nbsp;&nbsp;}</span></code></li>
<li><code><span style="color: var(--highlight-keyword)"></span></code></li></ol>    </div>            </div>
                        <div class="trace-line ">
                <div class="trace-line-header break-long-words sf-toggle" data-toggle-selector="#trace-html-1-11" data-toggle-initial="">
            <span class="icon icon-close"><svg width="1792" height="1792" viewBox="0 0 1792 1792" xmlns="http://www.w3.org/2000/svg"><path d="M1408 960V832q0-26-19-45t-45-19H448q-26 0-45 19t-19 45v128q0 26 19 45t45 19h896q26 0 45-19t19-45zm256-544v960q0 119-84.5 203.5T1376 1664H416q-119 0-203.5-84.5T128 1376V416q0-119 84.5-203.5T416 128h960q119 0 203.5 84.5T1664 416z"/></svg></span>
        <span class="icon icon-open"><svg width="1792" height="1792" viewBox="0 0 1792 1792" xmlns="http://www.w3.org/2000/svg"><path d="M1408 960V832q0-26-19-45t-45-19h-320V448q0-26-19-45t-45-19H832q-26 0-45 19t-19 45v320H448q-26 0-45 19t-19 45v128q0 26 19 45t45 19h320v320q0 26 19 45t45 19h128q26 0 45-19t19-45v-320h320q26 0 45-19t19-45zm256-544v960q0 119-84.5 203.5T1376 1664H416q-119 0-203.5-84.5T128 1376V416q0-119 84.5-203.5T416 128h960q119 0 203.5 84.5T1664 416z"/></svg></span>
    
            <span class="trace-class"><abbr title="Symfony\Component\HttpKernel\Kernel">Kernel</abbr></span><span class="trace-type">-></span><span class="trace-method">handle</span><span class="trace-arguments">(<em>object</em>(<abbr title="Symfony\Component\HttpFoundation\Request">Request</abbr>))</span>    
                    <span class="block trace-file-path">
            in
            <a href="">
                C:\Users\user\OneDrive - ESPRIT\Bureau\pidev1\vendor\symfony\runtime\Runner\Symfony\<strong>HttpKernelRunner.php</strong>
            </a>
                        (line 35)
            <span class="icon icon-copy hidden" data-clipboard-text="C:\Users\user\OneDrive - ESPRIT\Bureau\pidev1\vendor\symfony\runtime\Runner\Symfony\HttpKernelRunner.php:35">
                <svg xmlns="http://www.w3.org/2000/svg" height="24" viewBox="0 0 24 24" width="24"><path d="M0 0h24v24H0z" fill="none"/><path d="M16 1H4c-1.1 0-2 .9-2 2v14h2V3h12V1zm3 4H8c-1.1 0-2 .9-2 2v14c0 1.1.9 2 2 2h11c1.1 0 2-.9 2-2V7c0-1.1-.9-2-2-2zm0 16H8V7h11v14z"/></svg>            </span>
        </span>
    </div>
    <div id="trace-html-1-11" class="trace-code sf-toggle-content">
        <ol start="30"><li><code><span style="color: var(--highlight-keyword)">&nbsp;&nbsp;&nbsp;&nbsp;&nbsp;&nbsp;&nbsp;&nbsp;</span><span style="color: var(--highlight-default)">$this</span><span style="color: var(--highlight-keyword)">-&gt;</span><span style="color: var(--highlight-default)">request&nbsp;</span><span style="color: var(--highlight-keyword)">=&nbsp;</span><span style="color: var(--highlight-default)">$request</span><span style="color: var(--highlight-keyword)">;</span></code></li>
<li><code><span style="color: var(--highlight-keyword)">&nbsp;&nbsp;&nbsp;&nbsp;}</span></code></li>
<li><code><span style="color: var(--highlight-keyword)"></span></code></li>
<li><code><span style="color: var(--highlight-keyword)">&nbsp;&nbsp;&nbsp;&nbsp;public&nbsp;function&nbsp;</span><span style="color: var(--highlight-default)">run</span><span style="color: var(--highlight-keyword)">():&nbsp;</span><span style="color: var(--highlight-default)">int</span></code></li>
<li><code><span style="color: var(--highlight-default)">&nbsp;&nbsp;&nbsp;&nbsp;</span><span style="color: var(--highlight-keyword)">{</span></code></li>
<li class="selected"><code><span style="color: var(--highlight-keyword)">&nbsp;&nbsp;&nbsp;&nbsp;&nbsp;&nbsp;&nbsp;&nbsp;</span><span style="color: var(--highlight-default)">$response&nbsp;</span><span style="color: var(--highlight-keyword)">=&nbsp;</span><span style="color: var(--highlight-default)">$this</span><span style="color: var(--highlight-keyword)">-&gt;</span><span style="color: var(--highlight-default)">kernel</span><span style="color: var(--highlight-keyword)">-&gt;</span><span style="color: var(--highlight-default)">handle</span><span style="color: var(--highlight-keyword)">(</span><span style="color: var(--highlight-default)">$this</span><span style="color: var(--highlight-keyword)">-&gt;</span><span style="color: var(--highlight-default)">request</span><span style="color: var(--highlight-keyword)">);</span></code></li>
<li><code><span style="color: var(--highlight-keyword)">&nbsp;&nbsp;&nbsp;&nbsp;&nbsp;&nbsp;&nbsp;&nbsp;</span><span style="color: var(--highlight-default)">$response</span><span style="color: var(--highlight-keyword)">-&gt;</span><span style="color: var(--highlight-default)">send</span><span style="color: var(--highlight-keyword)">();</span></code></li>
<li><code><span style="color: var(--highlight-keyword)"></span></code></li>
<li><code><span style="color: var(--highlight-keyword)">&nbsp;&nbsp;&nbsp;&nbsp;&nbsp;&nbsp;&nbsp;&nbsp;if&nbsp;(</span><span style="color: var(--highlight-default)">$this</span><span style="color: var(--highlight-keyword)">-&gt;</span><span style="color: var(--highlight-default)">kernel&nbsp;</span><span style="color: var(--highlight-keyword)">instanceof&nbsp;</span><span style="color: var(--highlight-default)">TerminableInterface</span><span style="color: var(--highlight-keyword)">)&nbsp;{</span></code></li>
<li><code><span style="color: var(--highlight-keyword)">&nbsp;&nbsp;&nbsp;&nbsp;&nbsp;&nbsp;&nbsp;&nbsp;&nbsp;&nbsp;&nbsp;&nbsp;</span><span style="color: var(--highlight-default)">$this</span><span style="color: var(--highlight-keyword)">-&gt;</span><span style="color: var(--highlight-default)">kernel</span><span style="color: var(--highlight-keyword)">-&gt;</span><span style="color: var(--highlight-default)">terminate</span><span style="color: var(--highlight-keyword)">(</span><span style="color: var(--highlight-default)">$this</span><span style="color: var(--highlight-keyword)">-&gt;</span><span style="color: var(--highlight-default)">request</span><span style="color: var(--highlight-keyword)">,&nbsp;</span><span style="color: var(--highlight-default)">$response</span><span style="color: var(--highlight-keyword)">);</span></code></li>
<li><code><span style="color: var(--highlight-keyword)">&nbsp;&nbsp;&nbsp;&nbsp;&nbsp;&nbsp;&nbsp;&nbsp;}</span></code></li></ol>    </div>            </div>
                        <div class="trace-line ">
                <div class="trace-line-header break-long-words sf-toggle" data-toggle-selector="#trace-html-1-12" data-toggle-initial="">
            <span class="icon icon-close"><svg width="1792" height="1792" viewBox="0 0 1792 1792" xmlns="http://www.w3.org/2000/svg"><path d="M1408 960V832q0-26-19-45t-45-19H448q-26 0-45 19t-19 45v128q0 26 19 45t45 19h896q26 0 45-19t19-45zm256-544v960q0 119-84.5 203.5T1376 1664H416q-119 0-203.5-84.5T128 1376V416q0-119 84.5-203.5T416 128h960q119 0 203.5 84.5T1664 416z"/></svg></span>
        <span class="icon icon-open"><svg width="1792" height="1792" viewBox="0 0 1792 1792" xmlns="http://www.w3.org/2000/svg"><path d="M1408 960V832q0-26-19-45t-45-19h-320V448q0-26-19-45t-45-19H832q-26 0-45 19t-19 45v320H448q-26 0-45 19t-19 45v128q0 26 19 45t45 19h320v320q0 26 19 45t45 19h128q26 0 45-19t19-45v-320h320q26 0 45-19t19-45zm256-544v960q0 119-84.5 203.5T1376 1664H416q-119 0-203.5-84.5T128 1376V416q0-119 84.5-203.5T416 128h960q119 0 203.5 84.5T1664 416z"/></svg></span>
    
            <span class="trace-class"><abbr title="Symfony\Component\Runtime\Runner\Symfony\HttpKernelRunner">HttpKernelRunner</abbr></span><span class="trace-type">-></span><span class="trace-method">run</span><span class="trace-arguments">()</span>    
                    <span class="block trace-file-path">
            in
            <a href="">
                C:\Users\user\OneDrive - ESPRIT\Bureau\pidev1\vendor\<strong>autoload_runtime.php</strong>
            </a>
                        (line 35)
            <span class="icon icon-copy hidden" data-clipboard-text="C:\Users\user\OneDrive - ESPRIT\Bureau\pidev1\vendor\autoload_runtime.php:35">
                <svg xmlns="http://www.w3.org/2000/svg" height="24" viewBox="0 0 24 24" width="24"><path d="M0 0h24v24H0z" fill="none"/><path d="M16 1H4c-1.1 0-2 .9-2 2v14h2V3h12V1zm3 4H8c-1.1 0-2 .9-2 2v14c0 1.1.9 2 2 2h11c1.1 0 2-.9 2-2V7c0-1.1-.9-2-2-2zm0 16H8V7h11v14z"/></svg>            </span>
        </span>
    </div>
    <div id="trace-html-1-12" class="trace-code sf-toggle-content">
        <ol start="30"><li><code><span style="color: var(--highlight-keyword)"></span><span style="color: var(--highlight-default)">$app&nbsp;</span><span style="color: var(--highlight-keyword)">=&nbsp;</span><span style="color: var(--highlight-default)">$app</span><span style="color: var(--highlight-keyword)">(...</span><span style="color: var(--highlight-default)">$args</span><span style="color: var(--highlight-keyword)">);</span></code></li>
<li><code><span style="color: var(--highlight-keyword)"></span></code></li>
<li><code><span style="color: var(--highlight-keyword)">exit(</span></code></li>
<li><code><span style="color: var(--highlight-keyword)">&nbsp;&nbsp;&nbsp;&nbsp;</span><span style="color: var(--highlight-default)">$runtime</span></code></li>
<li><code><span style="color: var(--highlight-default)">&nbsp;&nbsp;&nbsp;&nbsp;&nbsp;&nbsp;&nbsp;&nbsp;</span><span style="color: var(--highlight-keyword)">-&gt;</span><span style="color: var(--highlight-default)">getRunner</span><span style="color: var(--highlight-keyword)">(</span><span style="color: var(--highlight-default)">$app</span><span style="color: var(--highlight-keyword)">)</span></code></li>
<li class="selected"><code><span style="color: var(--highlight-keyword)">&nbsp;&nbsp;&nbsp;&nbsp;&nbsp;&nbsp;&nbsp;&nbsp;-&gt;</span><span style="color: var(--highlight-default)">run</span><span style="color: var(--highlight-keyword)">()</span></code></li>
<li><code><span style="color: var(--highlight-keyword)">);</span></code></li>
<li><code><span style="color: var(--highlight-keyword)"></span></code></li></ol>    </div>            </div>
                        <div class="trace-line ">
                <div class="trace-line-header break-long-words sf-toggle" data-toggle-selector="#trace-html-1-13" data-toggle-initial="">
            <span class="icon icon-close"><svg width="1792" height="1792" viewBox="0 0 1792 1792" xmlns="http://www.w3.org/2000/svg"><path d="M1408 960V832q0-26-19-45t-45-19H448q-26 0-45 19t-19 45v128q0 26 19 45t45 19h896q26 0 45-19t19-45zm256-544v960q0 119-84.5 203.5T1376 1664H416q-119 0-203.5-84.5T128 1376V416q0-119 84.5-203.5T416 128h960q119 0 203.5 84.5T1664 416z"/></svg></span>
        <span class="icon icon-open"><svg width="1792" height="1792" viewBox="0 0 1792 1792" xmlns="http://www.w3.org/2000/svg"><path d="M1408 960V832q0-26-19-45t-45-19h-320V448q0-26-19-45t-45-19H832q-26 0-45 19t-19 45v320H448q-26 0-45 19t-19 45v128q0 26 19 45t45 19h320v320q0 26 19 45t45 19h128q26 0 45-19t19-45v-320h320q26 0 45-19t19-45zm256-544v960q0 119-84.5 203.5T1376 1664H416q-119 0-203.5-84.5T128 1376V416q0-119 84.5-203.5T416 128h960q119 0 203.5 84.5T1664 416z"/></svg></span>
    
            <span class="trace-class"><abbr title=""></abbr></span><span class="trace-method">require_once</span><span class="trace-arguments">('C:\\Users\\user\\OneDrive - ESPRIT\\Bureau\\pidev1\\vendor\\autoload_runtime.php')</span>    
                    <span class="block trace-file-path">
            in
            <a href="">
                C:\Users\user\OneDrive - ESPRIT\Bureau\pidev1\public\<strong>index.php</strong>
            </a>
                        (line 5)
            <span class="icon icon-copy hidden" data-clipboard-text="C:\Users\user\OneDrive - ESPRIT\Bureau\pidev1\public\index.php:5">
                <svg xmlns="http://www.w3.org/2000/svg" height="24" viewBox="0 0 24 24" width="24"><path d="M0 0h24v24H0z" fill="none"/><path d="M16 1H4c-1.1 0-2 .9-2 2v14h2V3h12V1zm3 4H8c-1.1 0-2 .9-2 2v14c0 1.1.9 2 2 2h11c1.1 0 2-.9 2-2V7c0-1.1-.9-2-2-2zm0 16H8V7h11v14z"/></svg>            </span>
        </span>
    </div>
    <div id="trace-html-1-13" class="trace-code sf-toggle-content">
        <ol start="1"><li><code><span style="color: var(--highlight-default)">&lt;?php</span></code></li>
<li><code><span style="color: var(--highlight-default)"></span></code></li>
<li><code><span style="color: var(--highlight-default)"></span><span style="color: var(--highlight-keyword)">use&nbsp;</span><span style="color: var(--highlight-default)">App\Kernel</span><span style="color: var(--highlight-keyword)">;</span></code></li>
<li><code><span style="color: var(--highlight-keyword)"></span></code></li>
<li class="selected"><code><span style="color: var(--highlight-keyword)">require_once&nbsp;</span><span style="color: var(--highlight-default)">dirname</span><span style="color: var(--highlight-keyword)">(</span><span style="color: var(--highlight-default)">__DIR__</span><span style="color: var(--highlight-keyword)">).</span><span style="color: var(--highlight-string)">'/vendor/autoload_runtime.php'</span><span style="color: var(--highlight-keyword)">;</span></code></li>
<li><code><span style="color: var(--highlight-keyword)"></span></code></li>
<li><code><span style="color: var(--highlight-keyword)">return&nbsp;static&nbsp;function&nbsp;(array&nbsp;</span><span style="color: var(--highlight-default)">$context</span><span style="color: var(--highlight-keyword)">)&nbsp;{</span></code></li>
<li><code><span style="color: var(--highlight-keyword)">&nbsp;&nbsp;&nbsp;&nbsp;return&nbsp;new&nbsp;</span><span style="color: var(--highlight-default)">Kernel</span><span style="color: var(--highlight-keyword)">(</span><span style="color: var(--highlight-default)">$context</span><span style="color: var(--highlight-keyword)">[</span><span style="color: var(--highlight-string)">'APP_ENV'</span><span style="color: var(--highlight-keyword)">],&nbsp;(bool)&nbsp;</span><span style="color: var(--highlight-default)">$context</span><span style="color: var(--highlight-keyword)">[</span><span style="color: var(--highlight-string)">'APP_DEBUG'</span><span style="color: var(--highlight-keyword)">]);</span></code></li>
<li><code><span style="color: var(--highlight-keyword)">};</span></code></li>
<li><code><span style="color: var(--highlight-keyword)"></span></code></li></ol>    </div>            </div>
                    </div>
    </div>
</div>            </div>
        </div>

        
        <div class="tab">
            <h3 class="tab-title">
                                    Stack Trace
                            </h3>

            <div class="tab-content">
                <table class="trace trace-as-text">
    <thead class="trace-head">
        <tr>
            <th class="sf-toggle" data-toggle-selector="#trace-text-1" data-toggle-initial="display">
                <div class="trace-class">
                                        NotFoundHttpException                    <span class="icon icon-close"><svg width="1792" height="1792" viewBox="0 0 1792 1792" xmlns="http://www.w3.org/2000/svg"><path d="M1344 800v64q0 14-9 23t-23 9H480q-14 0-23-9t-9-23v-64q0-14 9-23t23-9h832q14 0 23 9t9 23zm128 448V416q0-66-47-113t-113-47H480q-66 0-113 47t-47 113v832q0 66 47 113t113 47h832q66 0 113-47t47-113zm128-832v832q0 119-84.5 203.5T1312 1536H480q-119 0-203.5-84.5T192 1248V416q0-119 84.5-203.5T480 128h832q119 0 203.5 84.5T1600 416z"/></svg></span>
                    <span class="icon icon-open"><svg width="1792" height="1792" viewBox="0 0 1792 1792" xmlns="http://www.w3.org/2000/svg"><path d="M1344 800v64q0 14-9 23t-23 9H960v352q0 14-9 23t-23 9h-64q-14 0-23-9t-9-23V896H480q-14 0-23-9t-9-23v-64q0-14 9-23t23-9h352V416q0-14 9-23t23-9h64q14 0 23 9t9 23v352h352q14 0 23 9t9 23zm128 448V416q0-66-47-113t-113-47H480q-66 0-113 47t-47 113v832q0 66 47 113t113 47h832q66 0 113-47t47-113zm128-832v832q0 119-84.5 203.5T1312 1536H480q-119 0-203.5-84.5T192 1248V416q0-119 84.5-203.5T480 128h832q119 0 203.5 84.5T1600 416z"/></svg></span>
                </div>
            </th>
        </tr>
    </thead>

    <tbody id="trace-text-1">
        <tr>
            <td>
                                <pre class="stacktrace">
Symfony\Component\HttpKernel\Exception\NotFoundHttpException:
App\Entity\Post object not found by the @ParamConverter annotation.

  at C:\Users\user\OneDrive - ESPRIT\Bureau\pidev1\vendor\sensio\framework-extra-bundle\src\Request\ParamConverter\DoctrineParamConverter.php:107
  at Sensio\Bundle\FrameworkExtraBundle\Request\ParamConverter\DoctrineParamConverter-&gt;apply(object(Request), object(ParamConverter))
     (C:\Users\user\OneDrive - ESPRIT\Bureau\pidev1\vendor\sensio\framework-extra-bundle\src\Request\ParamConverter\ParamConverterManager.php:84)
  at Sensio\Bundle\FrameworkExtraBundle\Request\ParamConverter\ParamConverterManager-&gt;applyConverter(object(Request), object(ParamConverter))
     (C:\Users\user\OneDrive - ESPRIT\Bureau\pidev1\vendor\sensio\framework-extra-bundle\src\Request\ParamConverter\ParamConverterManager.php:48)
  at Sensio\Bundle\FrameworkExtraBundle\Request\ParamConverter\ParamConverterManager-&gt;apply(object(Request), array('post' => object(ParamConverter), 'entityManager' => object(ParamConverter)))
     (C:\Users\user\OneDrive - ESPRIT\Bureau\pidev1\vendor\sensio\framework-extra-bundle\src\EventListener\ParamConverterListener.php:72)
  at Sensio\Bundle\FrameworkExtraBundle\EventListener\ParamConverterListener-&gt;onKernelController(object(ControllerEvent), 'kernel.controller', object(TraceableEventDispatcher))
     (C:\Users\user\OneDrive - ESPRIT\Bureau\pidev1\vendor\symfony\event-dispatcher\Debug\WrappedListener.php:118)
  at Symfony\Component\EventDispatcher\Debug\WrappedListener-&gt;__invoke(object(ControllerEvent), 'kernel.controller', object(TraceableEventDispatcher))
     (C:\Users\user\OneDrive - ESPRIT\Bureau\pidev1\vendor\symfony\event-dispatcher\EventDispatcher.php:230)
  at Symfony\Component\EventDispatcher\EventDispatcher-&gt;callListeners(array(object(WrappedListener), object(WrappedListener), object(WrappedListener), object(WrappedListener)), 'kernel.controller', object(ControllerEvent))
     (C:\Users\user\OneDrive - ESPRIT\Bureau\pidev1\vendor\symfony\event-dispatcher\EventDispatcher.php:59)
  at Symfony\Component\EventDispatcher\EventDispatcher-&gt;dispatch(object(ControllerEvent), 'kernel.controller')
     (C:\Users\user\OneDrive - ESPRIT\Bureau\pidev1\vendor\symfony\event-dispatcher\Debug\TraceableEventDispatcher.php:154)
  at Symfony\Component\EventDispatcher\Debug\TraceableEventDispatcher-&gt;dispatch(object(ControllerEvent), 'kernel.controller')
     (C:\Users\user\OneDrive - ESPRIT\Bureau\pidev1\vendor\symfony\http-kernel\HttpKernel.php:151)
  at Symfony\Component\HttpKernel\HttpKernel-&gt;handleRaw(object(Request), 1)
     (C:\Users\user\OneDrive - ESPRIT\Bureau\pidev1\vendor\symfony\http-kernel\HttpKernel.php:75)
  at Symfony\Component\HttpKernel\HttpKernel-&gt;handle(object(Request), 1, true)
     (C:\Users\user\OneDrive - ESPRIT\Bureau\pidev1\vendor\symfony\http-kernel\Kernel.php:202)
  at Symfony\Component\HttpKernel\Kernel-&gt;handle(object(Request))
     (C:\Users\user\OneDrive - ESPRIT\Bureau\pidev1\vendor\symfony\runtime\Runner\Symfony\HttpKernelRunner.php:35)
  at Symfony\Component\Runtime\Runner\Symfony\HttpKernelRunner-&gt;run()
     (C:\Users\user\OneDrive - ESPRIT\Bureau\pidev1\vendor\autoload_runtime.php:35)
  at require_once('C:\\Users\\user\\OneDrive - ESPRIT\\Bureau\\pidev1\\vendor\\autoload_runtime.php')
     (C:\Users\user\OneDrive - ESPRIT\Bureau\pidev1\public\index.php:5)                </pre>
                            </td>
        </tr>
    </tbody>
</table>            </div>
        </div>

            </div>
</div>
        <script>
            /* This file is based on WebProfilerBundle/Resources/views/Profiler/base_js.html.twig.
   If you make any change in this file, verify the same change is needed in the other file. */
/*<![CDATA[*/
(function() {
    "use strict";

    if ('classList' in document.documentElement) {
        var hasClass = function (el, cssClass) { return el.classList.contains(cssClass); };
        var removeClass = function(el, cssClass) { el.classList.remove(cssClass); };
        var addClass = function(el, cssClass) { el.classList.add(cssClass); };
        var toggleClass = function(el, cssClass) { el.classList.toggle(cssClass); };
    } else {
        var hasClass = function (el, cssClass) { return el.className.match(new RegExp('\\b' + cssClass + '\\b')); };
        var removeClass = function(el, cssClass) { el.className = el.className.replace(new RegExp('\\b' + cssClass + '\\b'), ' '); };
        var addClass = function(el, cssClass) { if (!hasClass(el, cssClass)) { el.className += " " + cssClass; } };
        var toggleClass = function(el, cssClass) { hasClass(el, cssClass) ? removeClass(el, cssClass) : addClass(el, cssClass); };
    }

    var addEventListener;

    var el = document.createElement('div');
    if (!('addEventListener' in el)) {
        addEventListener = function (element, eventName, callback) {
            element.attachEvent('on' + eventName, callback);
        };
    } else {
        addEventListener = function (element, eventName, callback) {
            element.addEventListener(eventName, callback, false);
        };
    }

    if (navigator.clipboard) {
        document.querySelectorAll('[data-clipboard-text]').forEach(function(element) {
            removeClass(element, 'hidden');
            element.addEventListener('click', function() {
                navigator.clipboard.writeText(element.getAttribute('data-clipboard-text'));
            })
        });
    }

    (function createTabs() {
        var tabGroups = document.querySelectorAll('.sf-tabs:not([data-processed=true])');

        /* create the tab navigation for each group of tabs */
        for (var i = 0; i < tabGroups.length; i++) {
            var tabs = tabGroups[i].querySelectorAll(':scope > .tab');
            var tabNavigation = document.createElement('ul');
            tabNavigation.className = 'tab-navigation';

            var selectedTabId = 'tab-' + i + '-0'; /* select the first tab by default */
            for (var j = 0; j < tabs.length; j++) {
                var tabId = 'tab-' + i + '-' + j;
                var tabTitle = tabs[j].querySelector('.tab-title').innerHTML;

                var tabNavigationItem = document.createElement('li');
                tabNavigationItem.setAttribute('data-tab-id', tabId);
                if (hasClass(tabs[j], 'active')) { selectedTabId = tabId; }
                if (hasClass(tabs[j], 'disabled')) { addClass(tabNavigationItem, 'disabled'); }
                tabNavigationItem.innerHTML = tabTitle;
                tabNavigation.appendChild(tabNavigationItem);

                var tabContent = tabs[j].querySelector('.tab-content');
                tabContent.parentElement.setAttribute('id', tabId);
            }

            tabGroups[i].insertBefore(tabNavigation, tabGroups[i].firstChild);
            addClass(document.querySelector('[data-tab-id="' + selectedTabId + '"]'), 'active');
        }

        /* display the active tab and add the 'click' event listeners */
        for (i = 0; i < tabGroups.length; i++) {
            tabNavigation = tabGroups[i].querySelectorAll(':scope >.tab-navigation li');

            for (j = 0; j < tabNavigation.length; j++) {
                tabId = tabNavigation[j].getAttribute('data-tab-id');
                document.getElementById(tabId).querySelector('.tab-title').className = 'hidden';

                if (hasClass(tabNavigation[j], 'active')) {
                    document.getElementById(tabId).className = 'block';
                } else {
                    document.getElementById(tabId).className = 'hidden';
                }

                tabNavigation[j].addEventListener('click', function(e) {
                    var activeTab = e.target || e.srcElement;

                    /* needed because when the tab contains HTML contents, user can click */
                    /* on any of those elements instead of their parent '<li>' element */
                    while (activeTab.tagName.toLowerCase() !== 'li') {
                        activeTab = activeTab.parentNode;
                    }

                    /* get the full list of tabs through the parent of the active tab element */
                    var tabNavigation = activeTab.parentNode.children;
                    for (var k = 0; k < tabNavigation.length; k++) {
                        var tabId = tabNavigation[k].getAttribute('data-tab-id');
                        document.getElementById(tabId).className = 'hidden';
                        removeClass(tabNavigation[k], 'active');
                    }

                    addClass(activeTab, 'active');
                    var activeTabId = activeTab.getAttribute('data-tab-id');
                    document.getElementById(activeTabId).className = 'block';
                });
            }

            tabGroups[i].setAttribute('data-processed', 'true');
        }
    })();

    (function createToggles() {
        var toggles = document.querySelectorAll('.sf-toggle:not([data-processed=true])');

        for (var i = 0; i < toggles.length; i++) {
            var elementSelector = toggles[i].getAttribute('data-toggle-selector');
            var element = document.querySelector(elementSelector);

            addClass(element, 'sf-toggle-content');

            if (toggles[i].hasAttribute('data-toggle-initial') && toggles[i].getAttribute('data-toggle-initial') == 'display') {
                addClass(toggles[i], 'sf-toggle-on');
                addClass(element, 'sf-toggle-visible');
            } else {
                addClass(toggles[i], 'sf-toggle-off');
                addClass(element, 'sf-toggle-hidden');
            }

            addEventListener(toggles[i], 'click', function(e) {
                e.preventDefault();

                if ('' !== window.getSelection().toString()) {
                    /* Don't do anything on text selection */
                    return;
                }

                var toggle = e.target || e.srcElement;

                /* needed because when the toggle contains HTML contents, user can click */
                /* on any of those elements instead of their parent '.sf-toggle' element */
                while (!hasClass(toggle, 'sf-toggle')) {
                    toggle = toggle.parentNode;
                }

                var element = document.querySelector(toggle.getAttribute('data-toggle-selector'));

                toggleClass(toggle, 'sf-toggle-on');
                toggleClass(toggle, 'sf-toggle-off');
                toggleClass(element, 'sf-toggle-hidden');
                toggleClass(element, 'sf-toggle-visible');

                /* the toggle doesn't change its contents when clicking on it */
                if (!toggle.hasAttribute('data-toggle-alt-content')) {
                    return;
                }

                if (!toggle.hasAttribute('data-toggle-original-content')) {
                    toggle.setAttribute('data-toggle-original-content', toggle.innerHTML);
                }

                var currentContent = toggle.innerHTML;
                var originalContent = toggle.getAttribute('data-toggle-original-content');
                var altContent = toggle.getAttribute('data-toggle-alt-content');
                toggle.innerHTML = currentContent !== altContent ? altContent : originalContent;
            });

            /* Prevents from disallowing clicks on links inside toggles */
            var toggleLinks = toggles[i].querySelectorAll('a');
            for (var j = 0; j < toggleLinks.length; j++) {
                addEventListener(toggleLinks[j], 'click', function(e) {
                    e.stopPropagation();
                });
            }

            /* Prevents from disallowing clicks on "copy to clipboard" elements inside toggles */
            var copyToClipboardElements = toggles[i].querySelectorAll('span[data-clipboard-text]');
            for (var k = 0; k < copyToClipboardElements.length; k++) {
                addEventListener(copyToClipboardElements[k], 'click', function(e) {
                    e.stopPropagation();
                });
            }

            toggles[i].setAttribute('data-processed', 'true');
        }
    })();

    (function createFilters() {
        document.querySelectorAll('[data-filters] [data-filter]').forEach(function (filter) {
            var filters = filter.closest('[data-filters]'),
                type = 'choice',
                name = filter.dataset.filter,
                ucName = name.charAt(0).toUpperCase()+name.slice(1),
                list = document.createElement('ul'),
                values = filters.dataset['filter'+ucName] || filters.querySelectorAll('[data-filter-'+name+']'),
                labels = {},
                defaults = null,
                indexed = {},
                processed = {};
            if (typeof values === 'string') {
                type = 'level';
                labels = values.split(',');
                values = values.toLowerCase().split(',');
                defaults = values.length - 1;
            }
            addClass(list, 'filter-list');
            addClass(list, 'filter-list-'+type);
            values.forEach(function (value, i) {
                if (value instanceof HTMLElement) {
                    value = value.dataset['filter'+ucName];
                }
                if (value in processed) {
                    return;
                }
                var option = document.createElement('li'),
                    label = i in labels ? labels[i] : value,
                    active = false,
                    matches;
                if ('' === label) {
                    option.innerHTML = '<em>(none)</em>';
                } else {
                    option.innerText = label;
                }
                option.dataset.filter = value;
                option.setAttribute('title', 1 === (matches = filters.querySelectorAll('[data-filter-'+name+'="'+value+'"]').length) ? 'Matches 1 row' : 'Matches '+matches+' rows');
                indexed[value] = i;
                list.appendChild(option);
                addEventListener(option, 'click', function () {
                    if ('choice' === type) {
                        filters.querySelectorAll('[data-filter-'+name+']').forEach(function (row) {
                            if (option.dataset.filter === row.dataset['filter'+ucName]) {
                                toggleClass(row, 'filter-hidden-'+name);
                            }
                        });
                        toggleClass(option, 'active');
                    } else if ('level' === type) {
                        if (i === this.parentNode.querySelectorAll('.active').length - 1) {
                            return;
                        }
                        this.parentNode.querySelectorAll('li').forEach(function (currentOption, j) {
                            if (j <= i) {
                                addClass(currentOption, 'active');
                                if (i === j) {
                                    addClass(currentOption, 'last-active');
                                } else {
                                    removeClass(currentOption, 'last-active');
                                }
                            } else {
                                removeClass(currentOption, 'active');
                                removeClass(currentOption, 'last-active');
                            }
                        });
                        filters.querySelectorAll('[data-filter-'+name+']').forEach(function (row) {
                            if (i < indexed[row.dataset['filter'+ucName]]) {
                                addClass(row, 'filter-hidden-'+name);
                            } else {
                                removeClass(row, 'filter-hidden-'+name);
                            }
                        });
                    }
                });
                if ('choice' === type) {
                    active = null === defaults || 0 <= defaults.indexOf(value);
                } else if ('level' === type) {
                    active = i <= defaults;
                    if (active && i === defaults) {
                        addClass(option, 'last-active');
                    }
                }
                if (active) {
                    addClass(option, 'active');
                } else {
                    filters.querySelectorAll('[data-filter-'+name+'="'+value+'"]').forEach(function (row) {
                        toggleClass(row, 'filter-hidden-'+name);
                    });
                }
                processed[value] = true;
            });

            if (1 < list.childNodes.length) {
                filter.appendChild(list);
                filter.dataset.filtered = '';
            }
        });
    })();
})();
/*]]>*/        </script>
    </body>
</html>
<!-- App\Entity\Post object not found by the @ParamConverter annotation. (404 Not Found) -->